============================= test session starts ==============================
platform darwin -- Python 3.10.11, pytest-9.0.0, pluggy-1.5.0 -- /Users/nelsonattah/.pyenv/versions/3.10.11/bin/python3.10
cachedir: .pytest_cache
rootdir: /Users/nelsonattah/Projects/carepoint_hms
configfile: pyproject.toml
plugins: anyio-4.3.0, env-1.2.0, mock-3.14.0
collecting ... collected 4 items

app/tests/integration/test_tenant_routes.py::TestTenantRoutes::test_register_tenant FAILED
app/tests/integration/test_tenant_routes.py::TestTenantRoutes::test_list_tenants ERROR
app/tests/integration/test_tenant_routes.py::TestTenantRoutes::test_get_tenant ERROR
app/tests/integration/test_tenant_routes.py::TestTenantRoutes::test_reject_anonymous PASSED

==================================== ERRORS ====================================
_____________ ERROR at setup of TestTenantRoutes.test_list_tenants _____________

self = <sqlalchemy.engine.base.Connection object at 0x11705efe0>
dialect = <sqlalchemy.dialects.postgresql.psycopg2.PGDialect_psycopg2 object at 0x109e3a050>
context = <sqlalchemy.dialects.postgresql.psycopg2.PGExecutionContext_psycopg2 object at 0x11705f820>
statement = <sqlalchemy.dialects.postgresql.base.PGCompiler object at 0x10b6ec4f0>
parameters = [{'created_by_id': None, 'date_created': datetime.datetime(2026, 5, 3, 21, 26, 48, 825708, tzinfo=datetime.timezone.ut..._deleted': None, 'date_updated': datetime.datetime(2026, 5, 3, 21, 26, 48, 825712, tzinfo=datetime.timezone.utc), ...}]

    def _exec_single_context(
        self,
        dialect: Dialect,
        context: ExecutionContext,
        statement: Union[str, Compiled],
        parameters: Optional[_AnyMultiExecuteParams],
    ) -> CursorResult[Any]:
        """continue the _execute_context() method for a single DBAPI
        cursor.execute() or cursor.executemany() call.
    
        """
        if dialect.bind_typing is BindTyping.SETINPUTSIZES:
            generic_setinputsizes = context._prepare_set_input_sizes()
    
            if generic_setinputsizes:
                try:
                    dialect.do_set_input_sizes(
                        context.cursor, generic_setinputsizes, context
                    )
                except BaseException as e:
                    self._handle_dbapi_exception(
                        e, str(statement), parameters, None, context
                    )
    
        cursor, str_statement, parameters = (
            context.cursor,
            context.statement,
            context.parameters,
        )
    
        effective_parameters: Optional[_AnyExecuteParams]
    
        if not context.executemany:
            effective_parameters = parameters[0]
        else:
            effective_parameters = parameters
    
        if self._has_events or self.engine._has_events:
            for fn in self.dispatch.before_cursor_execute:
                str_statement, effective_parameters = fn(
                    self,
                    cursor,
                    str_statement,
                    effective_parameters,
                    context,
                    context.executemany,
                )
    
        if self._echo:
            self._log_info(str_statement)
    
            stats = context._get_cache_stats()
    
            if not self.engine.hide_parameters:
                self._log_info(
                    "[%s] %r",
                    stats,
                    sql_util._repr_params(
                        effective_parameters,
                        batches=10,
                        ismulti=context.executemany,
                    ),
                )
            else:
                self._log_info(
                    "[%s] [SQL parameters hidden due to hide_parameters=True]",
                    stats,
                )
    
        evt_handled: bool = False
        try:
            if context.execute_style is ExecuteStyle.EXECUTEMANY:
                effective_parameters = cast(
                    "_CoreMultiExecuteParams", effective_parameters
                )
                if self.dialect._has_events:
                    for fn in self.dialect.dispatch.do_executemany:
                        if fn(
                            cursor,
                            str_statement,
                            effective_parameters,
                            context,
                        ):
                            evt_handled = True
                            break
                if not evt_handled:
                    self.dialect.do_executemany(
                        cursor,
                        str_statement,
                        effective_parameters,
                        context,
                    )
            elif not effective_parameters and context.no_parameters:
                if self.dialect._has_events:
                    for fn in self.dialect.dispatch.do_execute_no_params:
                        if fn(cursor, str_statement, context):
                            evt_handled = True
                            break
                if not evt_handled:
                    self.dialect.do_execute_no_params(
                        cursor, str_statement, context
                    )
            else:
                effective_parameters = cast(
                    "_CoreSingleExecuteParams", effective_parameters
                )
                if self.dialect._has_events:
                    for fn in self.dialect.dispatch.do_execute:
                        if fn(
                            cursor,
                            str_statement,
                            effective_parameters,
                            context,
                        ):
                            evt_handled = True
                            break
                if not evt_handled:
>                   self.dialect.do_execute(
                        cursor, str_statement, effective_parameters, context
                    )

../../.pyenv/versions/3.10.11/lib/python3.10/site-packages/sqlalchemy/engine/base.py:1967: 
_ _ _ _ _ _ _ _ _ _ _ _ _ _ _ _ _ _ _ _ _ _ _ _ _ _ _ _ _ _ _ _ _ _ _ _ _ _ _ _ 

self = <sqlalchemy.dialects.postgresql.psycopg2.PGDialect_psycopg2 object at 0x109e3a050>
cursor = <cursor object at 0x112f87e20; closed: -1>
statement = 'INSERT INTO saas_admin (first_name, last_name, email, phone_number, password_hash, status, is_superuser, platform_rol..., %(date_updated)s, %(date_deleted)s, %(created_by_id)s, %(updated_by_id)s, %(deleted_by_id)s) RETURNING saas_admin.id'
parameters = {'created_by_id': None, 'date_created': datetime.datetime(2026, 5, 3, 21, 26, 48, 825708, tzinfo=datetime.timezone.utc...e_deleted': None, 'date_updated': datetime.datetime(2026, 5, 3, 21, 26, 48, 825712, tzinfo=datetime.timezone.utc), ...}
context = <sqlalchemy.dialects.postgresql.psycopg2.PGExecutionContext_psycopg2 object at 0x11705f820>

    def do_execute(self, cursor, statement, parameters, context=None):
>       cursor.execute(statement, parameters)
E       psycopg2.errors.UndefinedTable: relation "saas_admin" does not exist
E       LINE 1: INSERT INTO saas_admin (first_name, last_name, email, phone_...
E                           ^

../../.pyenv/versions/3.10.11/lib/python3.10/site-packages/sqlalchemy/engine/default.py:952: UndefinedTable

The above exception was the direct cause of the following exception:

db_session = <sqlalchemy.orm.session.Session object at 0x112e4b0a0>

    @pytest.fixture()
    def saas_admin_user(db_session):
        """Create a SaaS Admin user in the master database."""
        from app.models.all_models import SaaSAdmin
        from app.core.security import get_password_hash
        import uuid
    
        email = f"saas-admin-{uuid.uuid4().hex[:8]}@test.local"
        password = "SaaSAdminPass123"
        from app.core.enums import UserStatus, SaaSRole
        admin = SaaSAdmin()
        admin.email = email
        admin.password_hash = get_password_hash(password)
        admin.first_name = "SaaS"
        admin.last_name = "Administrator"
        admin.status = UserStatus.ACTIVE
        admin.is_superuser = True
        admin.platform_role = SaaSRole.SUPER_ADMIN
        # SaaSAdmin usually lives in master DB. In tests, we use the same DB.
        db_session.add(admin)
>       db_session.commit()

app/tests/conftest.py:207: 
_ _ _ _ _ _ _ _ _ _ _ _ _ _ _ _ _ _ _ _ _ _ _ _ _ _ _ _ _ _ _ _ _ _ _ _ _ _ _ _ 

self = <sqlalchemy.orm.session.Session object at 0x112e4b0a0>

    def commit(self) -> None:
        """Flush pending changes and commit the current transaction.
    
        When the COMMIT operation is complete, all objects are fully
        :term:`expired`, erasing their internal contents, which will be
        automatically re-loaded when the objects are next accessed. In the
        interim, these objects are in an expired state and will not function if
        they are :term:`detached` from the :class:`.Session`. Additionally,
        this re-load operation is not supported when using asyncio-oriented
        APIs. The :paramref:`.Session.expire_on_commit` parameter may be used
        to disable this behavior.
    
        When there is no transaction in place for the :class:`.Session`,
        indicating that no operations were invoked on this :class:`.Session`
        since the previous call to :meth:`.Session.commit`, the method will
        begin and commit an internal-only "logical" transaction, that does not
        normally affect the database unless pending flush changes were
        detected, but will still invoke event handlers and object expiration
        rules.
    
        The outermost database transaction is committed unconditionally,
        automatically releasing any SAVEPOINTs in effect.
    
        .. seealso::
    
            :ref:`session_committing`
    
            :ref:`unitofwork_transaction`
    
            :ref:`asyncio_orm_avoid_lazyloads`
    
        """
        trans = self._transaction
        if trans is None:
            trans = self._autobegin_t()
    
>       trans.commit(_to_root=True)

../../.pyenv/versions/3.10.11/lib/python3.10/site-packages/sqlalchemy/orm/session.py:2030: 
_ _ _ _ _ _ _ _ _ _ _ _ _ _ _ _ _ _ _ _ _ _ _ _ _ _ _ _ _ _ _ _ _ _ _ _ _ _ _ _ 

fn = <function SessionTransaction.commit at 0x109ccec20>
self = <sqlalchemy.orm.session.SessionTransaction object at 0x1121bc680>
arg = (), kw = {'_to_root': True}
current_state = <SessionTransactionState.ACTIVE: 1>
next_state = <_StateChangeStates.ANY: 1>, existing_fn = None
expect_state = <SessionTransactionState.CLOSED: 5>

    @util.decorator
    def _go(fn: _F, self: Any, *arg: Any, **kw: Any) -> Any:
        current_state = self._state
    
        if (
            has_prerequisite_states
            and current_state not in prerequisite_state_collection
        ):
            self._raise_for_prerequisite_state(fn.__name__, current_state)
    
        next_state = self._next_state
        existing_fn = self._current_fn
        expect_state = moves_to if expect_state_change else current_state
    
        if (
            # destination states are restricted
            next_state is not _StateChangeStates.ANY
            # method seeks to change state
            and expect_state_change
            # destination state incorrect
            and next_state is not expect_state
        ):
            if existing_fn and next_state in (
                _StateChangeStates.NO_CHANGE,
                _StateChangeStates.CHANGE_IN_PROGRESS,
            ):
                raise sa_exc.IllegalStateChangeError(
                    f"Method '{fn.__name__}()' can't be called here; "
                    f"method '{existing_fn.__name__}()' is already "
                    f"in progress and this would cause an unexpected "
                    f"state change to {moves_to!r}",
                    code="isce",
                )
            else:
                raise sa_exc.IllegalStateChangeError(
                    f"Can't run operation '{fn.__name__}()' here; "
                    f"will move to state {moves_to!r} where we are "
                    f"expecting {next_state!r}",
                    code="isce",
                )
    
        self._current_fn = fn
        self._next_state = _StateChangeStates.CHANGE_IN_PROGRESS
        try:
>           ret_value = fn(self, *arg, **kw)

../../.pyenv/versions/3.10.11/lib/python3.10/site-packages/sqlalchemy/orm/state_changes.py:137: 
_ _ _ _ _ _ _ _ _ _ _ _ _ _ _ _ _ _ _ _ _ _ _ _ _ _ _ _ _ _ _ _ _ _ _ _ _ _ _ _ 

self = <sqlalchemy.orm.session.SessionTransaction object at 0x1121bc680>
_to_root = True

    @_StateChange.declare_states(
        (SessionTransactionState.ACTIVE, SessionTransactionState.PREPARED),
        SessionTransactionState.CLOSED,
    )
    def commit(self, _to_root: bool = False) -> None:
        if self._state is not SessionTransactionState.PREPARED:
            with self._expect_state(SessionTransactionState.PREPARED):
>               self._prepare_impl()

../../.pyenv/versions/3.10.11/lib/python3.10/site-packages/sqlalchemy/orm/session.py:1311: 
_ _ _ _ _ _ _ _ _ _ _ _ _ _ _ _ _ _ _ _ _ _ _ _ _ _ _ _ _ _ _ _ _ _ _ _ _ _ _ _ 

fn = <function SessionTransaction._prepare_impl at 0x109ccea70>
self = <sqlalchemy.orm.session.SessionTransaction object at 0x1121bc680>
arg = (), kw = {}, current_state = <SessionTransactionState.ACTIVE: 1>
next_state = <SessionTransactionState.PREPARED: 2>
existing_fn = <function SessionTransaction.commit at 0x109ccec20>
expect_state = <SessionTransactionState.PREPARED: 2>

    @util.decorator
    def _go(fn: _F, self: Any, *arg: Any, **kw: Any) -> Any:
        current_state = self._state
    
        if (
            has_prerequisite_states
            and current_state not in prerequisite_state_collection
        ):
            self._raise_for_prerequisite_state(fn.__name__, current_state)
    
        next_state = self._next_state
        existing_fn = self._current_fn
        expect_state = moves_to if expect_state_change else current_state
    
        if (
            # destination states are restricted
            next_state is not _StateChangeStates.ANY
            # method seeks to change state
            and expect_state_change
            # destination state incorrect
            and next_state is not expect_state
        ):
            if existing_fn and next_state in (
                _StateChangeStates.NO_CHANGE,
                _StateChangeStates.CHANGE_IN_PROGRESS,
            ):
                raise sa_exc.IllegalStateChangeError(
                    f"Method '{fn.__name__}()' can't be called here; "
                    f"method '{existing_fn.__name__}()' is already "
                    f"in progress and this would cause an unexpected "
                    f"state change to {moves_to!r}",
                    code="isce",
                )
            else:
                raise sa_exc.IllegalStateChangeError(
                    f"Can't run operation '{fn.__name__}()' here; "
                    f"will move to state {moves_to!r} where we are "
                    f"expecting {next_state!r}",
                    code="isce",
                )
    
        self._current_fn = fn
        self._next_state = _StateChangeStates.CHANGE_IN_PROGRESS
        try:
>           ret_value = fn(self, *arg, **kw)

../../.pyenv/versions/3.10.11/lib/python3.10/site-packages/sqlalchemy/orm/state_changes.py:137: 
_ _ _ _ _ _ _ _ _ _ _ _ _ _ _ _ _ _ _ _ _ _ _ _ _ _ _ _ _ _ _ _ _ _ _ _ _ _ _ _ 

self = <sqlalchemy.orm.session.SessionTransaction object at 0x1121bc680>

    @_StateChange.declare_states(
        (SessionTransactionState.ACTIVE,), SessionTransactionState.PREPARED
    )
    def _prepare_impl(self) -> None:
        if self._parent is None or self.nested:
            self.session.dispatch.before_commit(self.session)
    
        stx = self.session._transaction
        assert stx is not None
        if stx is not self:
            for subtransaction in stx._iterate_self_and_parents(upto=self):
                subtransaction.commit()
    
        if not self.session._flushing:
            for _flush_guard in range(100):
                if self.session._is_clean():
                    break
>               self.session.flush()

../../.pyenv/versions/3.10.11/lib/python3.10/site-packages/sqlalchemy/orm/session.py:1286: 
_ _ _ _ _ _ _ _ _ _ _ _ _ _ _ _ _ _ _ _ _ _ _ _ _ _ _ _ _ _ _ _ _ _ _ _ _ _ _ _ 

self = <sqlalchemy.orm.session.Session object at 0x112e4b0a0>, objects = None

    def flush(self, objects: Optional[Sequence[Any]] = None) -> None:
        """Flush all the object changes to the database.
    
        Writes out all pending object creations, deletions and modifications
        to the database as INSERTs, DELETEs, UPDATEs, etc.  Operations are
        automatically ordered by the Session's unit of work dependency
        solver.
    
        Database operations will be issued in the current transactional
        context and do not affect the state of the transaction, unless an
        error occurs, in which case the entire transaction is rolled back.
        You may flush() as often as you like within a transaction to move
        changes from Python to the database's transaction buffer.
    
        :param objects: Optional; restricts the flush operation to operate
          only on elements that are in the given collection.
    
          This feature is for an extremely narrow set of use cases where
          particular objects may need to be operated upon before the
          full flush() occurs.  It is not intended for general use.
    
        """
    
        if self._flushing:
            raise sa_exc.InvalidRequestError("Session is already flushing")
    
        if self._is_clean():
            return
        try:
            self._flushing = True
>           self._flush(objects)

../../.pyenv/versions/3.10.11/lib/python3.10/site-packages/sqlalchemy/orm/session.py:4331: 
_ _ _ _ _ _ _ _ _ _ _ _ _ _ _ _ _ _ _ _ _ _ _ _ _ _ _ _ _ _ _ _ _ _ _ _ _ _ _ _ 

self = <sqlalchemy.orm.session.Session object at 0x112e4b0a0>, objects = None

    def _flush(self, objects: Optional[Sequence[object]] = None) -> None:
        dirty = self._dirty_states
        if not dirty and not self._deleted and not self._new:
            self.identity_map._modified.clear()
            return
    
        flush_context = UOWTransaction(self)
    
        if self.dispatch.before_flush:
            self.dispatch.before_flush(self, flush_context, objects)
            # re-establish "dirty states" in case the listeners
            # added
            dirty = self._dirty_states
    
        deleted = set(self._deleted)
        new = set(self._new)
    
        dirty = set(dirty).difference(deleted)
    
        # create the set of all objects we want to operate upon
        if objects:
            # specific list passed in
            objset = set()
            for o in objects:
                try:
                    state = attributes.instance_state(o)
    
                except exc.NO_STATE as err:
                    raise exc.UnmappedInstanceError(o) from err
                objset.add(state)
        else:
            objset = None
    
        # store objects whose fate has been decided
        processed = set()
    
        # put all saves/updates into the flush context.  detect top-level
        # orphans and throw them into deleted.
        if objset:
            proc = new.union(dirty).intersection(objset).difference(deleted)
        else:
            proc = new.union(dirty).difference(deleted)
    
        for state in proc:
            is_orphan = _state_mapper(state)._is_orphan(state)
    
            is_persistent_orphan = is_orphan and state.has_identity
    
            if (
                is_orphan
                and not is_persistent_orphan
                and state._orphaned_outside_of_session
            ):
                self._expunge_states([state])
            else:
                _reg = flush_context.register_object(
                    state, isdelete=is_persistent_orphan
                )
                assert _reg, "Failed to add object to the flush context!"
                processed.add(state)
    
        # put all remaining deletes into the flush context.
        if objset:
            proc = deleted.intersection(objset).difference(processed)
        else:
            proc = deleted.difference(processed)
        for state in proc:
            _reg = flush_context.register_object(state, isdelete=True)
            assert _reg, "Failed to add object to the flush context!"
    
        if not flush_context.has_work:
            return
    
        flush_context.transaction = transaction = self._autobegin_t()._begin()
        try:
            self._warn_on_events = True
            try:
                flush_context.execute()
            finally:
                self._warn_on_events = False
    
            self.dispatch.after_flush(self, flush_context)
    
            flush_context.finalize_flush_changes()
    
            if not objects and self.identity_map._modified:
                len_ = len(self.identity_map._modified)
    
                statelib.InstanceState._commit_all_states(
                    [
                        (state, state.dict)
                        for state in self.identity_map._modified
                    ],
                    instance_dict=self.identity_map,
                )
                util.warn(
                    "Attribute history events accumulated on %d "
                    "previously clean instances "
                    "within inner-flush event handlers have been "
                    "reset, and will not result in database updates. "
                    "Consider using set_committed_value() within "
                    "inner-flush event handlers to avoid this warning." % len_
                )
    
            # useful assertions:
            # if not objects:
            #    assert not self.identity_map._modified
            # else:
            #    assert self.identity_map._modified == \
            #            self.identity_map._modified.difference(objects)
    
            self.dispatch.after_flush_postexec(self, flush_context)
    
            transaction.commit()
    
        except:
>           with util.safe_reraise():

../../.pyenv/versions/3.10.11/lib/python3.10/site-packages/sqlalchemy/orm/session.py:4466: 
_ _ _ _ _ _ _ _ _ _ _ _ _ _ _ _ _ _ _ _ _ _ _ _ _ _ _ _ _ _ _ _ _ _ _ _ _ _ _ _ 

self = <sqlalchemy.util.langhelpers.safe_reraise object at 0x10b6ec730>
type_ = None, value = None, traceback = None

    def __exit__(
        self,
        type_: Optional[Type[BaseException]],
        value: Optional[BaseException],
        traceback: Optional[types.TracebackType],
    ) -> NoReturn:
        assert self._exc_info is not None
        # see #2703 for notes
        if type_ is None:
            exc_type, exc_value, exc_tb = self._exc_info
            assert exc_value is not None
            self._exc_info = None  # remove potential circular references
>           raise exc_value.with_traceback(exc_tb)

../../.pyenv/versions/3.10.11/lib/python3.10/site-packages/sqlalchemy/util/langhelpers.py:121: 
_ _ _ _ _ _ _ _ _ _ _ _ _ _ _ _ _ _ _ _ _ _ _ _ _ _ _ _ _ _ _ _ _ _ _ _ _ _ _ _ 

self = <sqlalchemy.orm.session.Session object at 0x112e4b0a0>, objects = None

    def _flush(self, objects: Optional[Sequence[object]] = None) -> None:
        dirty = self._dirty_states
        if not dirty and not self._deleted and not self._new:
            self.identity_map._modified.clear()
            return
    
        flush_context = UOWTransaction(self)
    
        if self.dispatch.before_flush:
            self.dispatch.before_flush(self, flush_context, objects)
            # re-establish "dirty states" in case the listeners
            # added
            dirty = self._dirty_states
    
        deleted = set(self._deleted)
        new = set(self._new)
    
        dirty = set(dirty).difference(deleted)
    
        # create the set of all objects we want to operate upon
        if objects:
            # specific list passed in
            objset = set()
            for o in objects:
                try:
                    state = attributes.instance_state(o)
    
                except exc.NO_STATE as err:
                    raise exc.UnmappedInstanceError(o) from err
                objset.add(state)
        else:
            objset = None
    
        # store objects whose fate has been decided
        processed = set()
    
        # put all saves/updates into the flush context.  detect top-level
        # orphans and throw them into deleted.
        if objset:
            proc = new.union(dirty).intersection(objset).difference(deleted)
        else:
            proc = new.union(dirty).difference(deleted)
    
        for state in proc:
            is_orphan = _state_mapper(state)._is_orphan(state)
    
            is_persistent_orphan = is_orphan and state.has_identity
    
            if (
                is_orphan
                and not is_persistent_orphan
                and state._orphaned_outside_of_session
            ):
                self._expunge_states([state])
            else:
                _reg = flush_context.register_object(
                    state, isdelete=is_persistent_orphan
                )
                assert _reg, "Failed to add object to the flush context!"
                processed.add(state)
    
        # put all remaining deletes into the flush context.
        if objset:
            proc = deleted.intersection(objset).difference(processed)
        else:
            proc = deleted.difference(processed)
        for state in proc:
            _reg = flush_context.register_object(state, isdelete=True)
            assert _reg, "Failed to add object to the flush context!"
    
        if not flush_context.has_work:
            return
    
        flush_context.transaction = transaction = self._autobegin_t()._begin()
        try:
            self._warn_on_events = True
            try:
>               flush_context.execute()

../../.pyenv/versions/3.10.11/lib/python3.10/site-packages/sqlalchemy/orm/session.py:4427: 
_ _ _ _ _ _ _ _ _ _ _ _ _ _ _ _ _ _ _ _ _ _ _ _ _ _ _ _ _ _ _ _ _ _ _ _ _ _ _ _ 

self = <sqlalchemy.orm.unitofwork.UOWTransaction object at 0x11702f430>

    def execute(self) -> None:
        postsort_actions = self._generate_actions()
    
        postsort_actions = sorted(
            postsort_actions,
            key=lambda item: item.sort_key,
        )
        # sort = topological.sort(self.dependencies, postsort_actions)
        # print "--------------"
        # print "\ndependencies:", self.dependencies
        # print "\ncycles:", self.cycles
        # print "\nsort:", list(sort)
        # print "\nCOUNT OF POSTSORT ACTIONS", len(postsort_actions)
    
        # execute
        if self.cycles:
            for subset in topological.sort_as_subsets(
                self.dependencies, postsort_actions
            ):
                set_ = set(subset)
                while set_:
                    n = set_.pop()
                    n.execute_aggregate(self, set_)
        else:
            for rec in topological.sort(self.dependencies, postsort_actions):
>               rec.execute(self)

../../.pyenv/versions/3.10.11/lib/python3.10/site-packages/sqlalchemy/orm/unitofwork.py:466: 
_ _ _ _ _ _ _ _ _ _ _ _ _ _ _ _ _ _ _ _ _ _ _ _ _ _ _ _ _ _ _ _ _ _ _ _ _ _ _ _ 

self = SaveUpdateAll(Mapper[SaaSAdmin(saas_admin)])
uow = <sqlalchemy.orm.unitofwork.UOWTransaction object at 0x11702f430>

    @util.preload_module("sqlalchemy.orm.persistence")
    def execute(self, uow):
>       util.preloaded.orm_persistence.save_obj(
            self.mapper,
            uow.states_for_mapper_hierarchy(self.mapper, False, False),
            uow,
        )

../../.pyenv/versions/3.10.11/lib/python3.10/site-packages/sqlalchemy/orm/unitofwork.py:642: 
_ _ _ _ _ _ _ _ _ _ _ _ _ _ _ _ _ _ _ _ _ _ _ _ _ _ _ _ _ _ _ _ _ _ _ _ _ _ _ _ 

base_mapper = <Mapper at 0x10b6bf130; SaaSAdmin>
states = <generator object UOWTransaction.states_for_mapper_hierarchy at 0x112ebf300>
uowtransaction = <sqlalchemy.orm.unitofwork.UOWTransaction object at 0x11702f430>
single = False

    def save_obj(base_mapper, states, uowtransaction, single=False):
        """Issue ``INSERT`` and/or ``UPDATE`` statements for a list
        of objects.
    
        This is called within the context of a UOWTransaction during a
        flush operation, given a list of states to be flushed.  The
        base mapper in an inheritance hierarchy handles the inserts/
        updates for all descendant mappers.
    
        """
    
        # if batch=false, call _save_obj separately for each object
        if not single and not base_mapper.batch:
            for state in _sort_states(base_mapper, states):
                save_obj(base_mapper, [state], uowtransaction, single=True)
            return
    
        states_to_update = []
        states_to_insert = []
    
        for (
            state,
            dict_,
            mapper,
            connection,
            has_identity,
            row_switch,
            update_version_id,
        ) in _organize_states_for_save(base_mapper, states, uowtransaction):
            if has_identity or row_switch:
                states_to_update.append(
                    (state, dict_, mapper, connection, update_version_id)
                )
            else:
                states_to_insert.append((state, dict_, mapper, connection))
    
        for table, mapper in base_mapper._sorted_tables.items():
            if table not in mapper._pks_by_table:
                continue
            insert = _collect_insert_commands(table, states_to_insert)
    
            update = _collect_update_commands(
                uowtransaction, table, states_to_update
            )
    
            _emit_update_statements(
                base_mapper,
                uowtransaction,
                mapper,
                table,
                update,
            )
    
>           _emit_insert_statements(
                base_mapper,
                uowtransaction,
                mapper,
                table,
                insert,
            )

../../.pyenv/versions/3.10.11/lib/python3.10/site-packages/sqlalchemy/orm/persistence.py:93: 
_ _ _ _ _ _ _ _ _ _ _ _ _ _ _ _ _ _ _ _ _ _ _ _ _ _ _ _ _ _ _ _ _ _ _ _ _ _ _ _ 

base_mapper = <Mapper at 0x10b6bf130; SaaSAdmin>
uowtransaction = <sqlalchemy.orm.unitofwork.UOWTransaction object at 0x11702f430>
mapper = <Mapper at 0x10b6bf130; SaaSAdmin>
table = Table('saas_admin', MetaData(), Column('first_name', String(length=100), table=<saas_admin>, nullable=False), Column('...n('updated_by_id', Integer(), table=<saas_admin>), Column('deleted_by_id', Integer(), table=<saas_admin>), schema=None)
insert = <generator object _collect_insert_commands at 0x112ebf530>

    def _emit_insert_statements(
        base_mapper,
        uowtransaction,
        mapper,
        table,
        insert,
        *,
        bookkeeping=True,
        use_orm_insert_stmt=None,
        execution_options=None,
    ):
        """Emit INSERT statements corresponding to value lists collected
        by _collect_insert_commands()."""
    
        if use_orm_insert_stmt is not None:
            cached_stmt = use_orm_insert_stmt
            exec_opt = util.EMPTY_DICT
    
            # if a user query with RETURNING was passed, we definitely need
            # to use RETURNING.
            returning_is_required_anyway = bool(use_orm_insert_stmt._returning)
            deterministic_results_reqd = (
                returning_is_required_anyway
                and use_orm_insert_stmt._sort_by_parameter_order
            ) or bookkeeping
        else:
            returning_is_required_anyway = False
            deterministic_results_reqd = bookkeeping
            cached_stmt = base_mapper._memo(("insert", table), table.insert)
            exec_opt = {"compiled_cache": base_mapper._compiled_cache}
    
        if execution_options:
            execution_options = util.EMPTY_DICT.merge_with(
                exec_opt, execution_options
            )
        else:
            execution_options = exec_opt
    
        return_result = None
    
        for (
            (connection, _, hasvalue, has_all_pks, has_all_defaults),
            records,
        ) in groupby(
            insert,
            lambda rec: (
                rec[4],  # connection
                set(rec[2]),  # parameter keys
                bool(rec[5]),  # whether we have "value" parameters
                rec[6],
                rec[7],
            ),
        ):
            statement = cached_stmt
    
            if use_orm_insert_stmt is not None:
                statement = statement._annotate(
                    {
                        "_emit_insert_table": table,
                        "_emit_insert_mapper": mapper,
                    }
                )
    
            if (
                (
                    not bookkeeping
                    or (
                        has_all_defaults
                        or not base_mapper._prefer_eager_defaults(
                            connection.dialect, table
                        )
                        or not table.implicit_returning
                        or not connection.dialect.insert_returning
                    )
                )
                and not returning_is_required_anyway
                and has_all_pks
                and not hasvalue
            ):
                # the "we don't need newly generated values back" section.
                # here we have all the PKs, all the defaults or we don't want
                # to fetch them, or the dialect doesn't support RETURNING at all
                # so we have to post-fetch / use lastrowid anyway.
                records = list(records)
                multiparams = [rec[2] for rec in records]
    
                result = connection.execute(
                    statement, multiparams, execution_options=execution_options
                )
                if bookkeeping:
                    for (
                        (
                            state,
                            state_dict,
                            params,
                            mapper_rec,
                            conn,
                            value_params,
                            has_all_pks,
                            has_all_defaults,
                        ),
                        last_inserted_params,
                    ) in zip(records, result.context.compiled_parameters):
                        if state:
                            _postfetch(
                                mapper_rec,
                                uowtransaction,
                                table,
                                state,
                                state_dict,
                                result,
                                last_inserted_params,
                                value_params,
                                False,
                                (
                                    result.returned_defaults
                                    if not result.context.executemany
                                    else None
                                ),
                            )
                        else:
                            _postfetch_bulk_save(mapper_rec, state_dict, table)
    
            else:
                # here, we need defaults and/or pk values back or we otherwise
                # know that we are using RETURNING in any case
    
                records = list(records)
    
                if returning_is_required_anyway or (
                    table.implicit_returning and not hasvalue and len(records) > 1
                ):
                    if (
                        deterministic_results_reqd
                        and connection.dialect.insert_executemany_returning_sort_by_parameter_order  # noqa: E501
                    ) or (
                        not deterministic_results_reqd
                        and connection.dialect.insert_executemany_returning
                    ):
                        do_executemany = True
                    elif returning_is_required_anyway:
                        if deterministic_results_reqd:
                            dt = " with RETURNING and sort by parameter order"
                        else:
                            dt = " with RETURNING"
                        raise sa_exc.InvalidRequestError(
                            f"Can't use explicit RETURNING for bulk INSERT "
                            f"operation with "
                            f"{connection.dialect.dialect_description} backend; "
                            f"executemany{dt} is not enabled for this dialect."
                        )
                    else:
                        do_executemany = False
                else:
                    do_executemany = False
    
                if use_orm_insert_stmt is None:
                    if (
                        not has_all_defaults
                        and base_mapper._prefer_eager_defaults(
                            connection.dialect, table
                        )
                    ):
                        statement = statement.return_defaults(
                            *mapper._server_default_cols[table],
                            sort_by_parameter_order=bookkeeping,
                        )
    
                if mapper.version_id_col is not None:
                    statement = statement.return_defaults(
                        mapper.version_id_col,
                        sort_by_parameter_order=bookkeeping,
                    )
                elif do_executemany:
                    statement = statement.return_defaults(
                        *table.primary_key, sort_by_parameter_order=bookkeeping
                    )
    
                if do_executemany:
                    multiparams = [rec[2] for rec in records]
    
                    result = connection.execute(
                        statement, multiparams, execution_options=execution_options
                    )
    
                    if use_orm_insert_stmt is not None:
                        if return_result is None:
                            return_result = result
                        else:
                            return_result = return_result.splice_vertically(result)
    
                    if bookkeeping:
                        for (
                            (
                                state,
                                state_dict,
                                params,
                                mapper_rec,
                                conn,
                                value_params,
                                has_all_pks,
                                has_all_defaults,
                            ),
                            last_inserted_params,
                            inserted_primary_key,
                            returned_defaults,
                        ) in zip_longest(
                            records,
                            result.context.compiled_parameters,
                            result.inserted_primary_key_rows,
                            result.returned_defaults_rows or (),
                        ):
                            if inserted_primary_key is None:
                                # this is a real problem and means that we didn't
                                # get back as many PK rows.  we can't continue
                                # since this indicates PK rows were missing, which
                                # means we likely mis-populated records starting
                                # at that point with incorrectly matched PK
                                # values.
                                raise orm_exc.FlushError(
                                    "Multi-row INSERT statement for %s did not "
                                    "produce "
                                    "the correct number of INSERTed rows for "
                                    "RETURNING.  Ensure there are no triggers or "
                                    "special driver issues preventing INSERT from "
                                    "functioning properly." % mapper_rec
                                )
    
                            for pk, col in zip(
                                inserted_primary_key,
                                mapper._pks_by_table[table],
                            ):
                                prop = mapper_rec._columntoproperty[col]
                                if state_dict.get(prop.key) is None:
                                    state_dict[prop.key] = pk
    
                            if state:
                                _postfetch(
                                    mapper_rec,
                                    uowtransaction,
                                    table,
                                    state,
                                    state_dict,
                                    result,
                                    last_inserted_params,
                                    value_params,
                                    False,
                                    returned_defaults,
                                )
                            else:
                                _postfetch_bulk_save(mapper_rec, state_dict, table)
                else:
                    assert not returning_is_required_anyway
    
                    for (
                        state,
                        state_dict,
                        params,
                        mapper_rec,
                        connection,
                        value_params,
                        has_all_pks,
                        has_all_defaults,
                    ) in records:
                        if value_params:
                            result = connection.execute(
                                statement.values(value_params),
                                params,
                                execution_options=execution_options,
                            )
                        else:
>                           result = connection.execute(
                                statement,
                                params,
                                execution_options=execution_options,
                            )

../../.pyenv/versions/3.10.11/lib/python3.10/site-packages/sqlalchemy/orm/persistence.py:1233: 
_ _ _ _ _ _ _ _ _ _ _ _ _ _ _ _ _ _ _ _ _ _ _ _ _ _ _ _ _ _ _ _ _ _ _ _ _ _ _ _ 

self = <sqlalchemy.engine.base.Connection object at 0x11705efe0>
statement = <sqlalchemy.sql.dml.Insert object at 0x11705f3d0>
parameters = {'created_by_id': None, 'date_deleted': None, 'deleted_by_id': None, 'email': 'saas-admin-9cb9d76d@test.local', ...}

    def execute(
        self,
        statement: Executable,
        parameters: Optional[_CoreAnyExecuteParams] = None,
        *,
        execution_options: Optional[CoreExecuteOptionsParameter] = None,
    ) -> CursorResult[Any]:
        r"""Executes a SQL statement construct and returns a
        :class:`_engine.CursorResult`.
    
        :param statement: The statement to be executed.  This is always
         an object that is in both the :class:`_expression.ClauseElement` and
         :class:`_expression.Executable` hierarchies, including:
    
         * :class:`_expression.Select`
         * :class:`_expression.Insert`, :class:`_expression.Update`,
           :class:`_expression.Delete`
         * :class:`_expression.TextClause` and
           :class:`_expression.TextualSelect`
         * :class:`_schema.DDL` and objects which inherit from
           :class:`_schema.ExecutableDDLElement`
    
        :param parameters: parameters which will be bound into the statement.
         This may be either a dictionary of parameter names to values,
         or a mutable sequence (e.g. a list) of dictionaries.  When a
         list of dictionaries is passed, the underlying statement execution
         will make use of the DBAPI ``cursor.executemany()`` method.
         When a single dictionary is passed, the DBAPI ``cursor.execute()``
         method will be used.
    
        :param execution_options: optional dictionary of execution options,
         which will be associated with the statement execution.  This
         dictionary can provide a subset of the options that are accepted
         by :meth:`_engine.Connection.execution_options`.
    
        :return: a :class:`_engine.Result` object.
    
        """
        distilled_parameters = _distill_params_20(parameters)
        try:
            meth = statement._execute_on_connection
        except AttributeError as err:
            raise exc.ObjectNotExecutableError(statement) from err
        else:
>           return meth(
                self,
                distilled_parameters,
                execution_options or NO_OPTIONS,
            )

../../.pyenv/versions/3.10.11/lib/python3.10/site-packages/sqlalchemy/engine/base.py:1419: 
_ _ _ _ _ _ _ _ _ _ _ _ _ _ _ _ _ _ _ _ _ _ _ _ _ _ _ _ _ _ _ _ _ _ _ _ _ _ _ _ 

self = <sqlalchemy.sql.dml.Insert object at 0x11705f3d0>
connection = <sqlalchemy.engine.base.Connection object at 0x11705efe0>
distilled_params = [{'created_by_id': None, 'date_deleted': None, 'deleted_by_id': None, 'email': 'saas-admin-9cb9d76d@test.local', ...}]
execution_options = {'compiled_cache': <sqlalchemy.util._collections.LRUCache object at 0x112bf0e00>}

    def _execute_on_connection(
        self,
        connection: Connection,
        distilled_params: _CoreMultiExecuteParams,
        execution_options: CoreExecuteOptionsParameter,
    ) -> Result[Any]:
        if self.supports_execution:
            if TYPE_CHECKING:
                assert isinstance(self, Executable)
>           return connection._execute_clauseelement(
                self, distilled_params, execution_options
            )

../../.pyenv/versions/3.10.11/lib/python3.10/site-packages/sqlalchemy/sql/elements.py:527: 
_ _ _ _ _ _ _ _ _ _ _ _ _ _ _ _ _ _ _ _ _ _ _ _ _ _ _ _ _ _ _ _ _ _ _ _ _ _ _ _ 

self = <sqlalchemy.engine.base.Connection object at 0x11705efe0>
elem = <sqlalchemy.sql.dml.Insert object at 0x11705f3d0>
distilled_parameters = [{'created_by_id': None, 'date_deleted': None, 'deleted_by_id': None, 'email': 'saas-admin-9cb9d76d@test.local', ...}]
execution_options = immutabledict({'compiled_cache': <sqlalchemy.util._collections.LRUCache object at 0x112bf0e00>})

    def _execute_clauseelement(
        self,
        elem: Executable,
        distilled_parameters: _CoreMultiExecuteParams,
        execution_options: CoreExecuteOptionsParameter,
    ) -> CursorResult[Any]:
        """Execute a sql.ClauseElement object."""
    
        execution_options = elem._execution_options.merge_with(
            self._execution_options, execution_options
        )
    
        has_events = self._has_events or self.engine._has_events
        if has_events:
            (
                elem,
                distilled_parameters,
                event_multiparams,
                event_params,
            ) = self._invoke_before_exec_event(
                elem, distilled_parameters, execution_options
            )
    
        if distilled_parameters:
            # ensure we don't retain a link to the view object for keys()
            # which links to the values, which we don't want to cache
            keys = sorted(distilled_parameters[0])
            for_executemany = len(distilled_parameters) > 1
        else:
            keys = []
            for_executemany = False
    
        dialect = self.dialect
    
        schema_translate_map = execution_options.get(
            "schema_translate_map", None
        )
    
        compiled_cache: Optional[CompiledCacheType] = execution_options.get(
            "compiled_cache", self.engine._compiled_cache
        )
    
        compiled_sql, extracted_params, cache_hit = elem._compile_w_cache(
            dialect=dialect,
            compiled_cache=compiled_cache,
            column_keys=keys,
            for_executemany=for_executemany,
            schema_translate_map=schema_translate_map,
            linting=self.dialect.compiler_linting | compiler.WARN_LINTING,
        )
>       ret = self._execute_context(
            dialect,
            dialect.execution_ctx_cls._init_compiled,
            compiled_sql,
            distilled_parameters,
            execution_options,
            compiled_sql,
            distilled_parameters,
            elem,
            extracted_params,
            cache_hit=cache_hit,
        )

../../.pyenv/versions/3.10.11/lib/python3.10/site-packages/sqlalchemy/engine/base.py:1641: 
_ _ _ _ _ _ _ _ _ _ _ _ _ _ _ _ _ _ _ _ _ _ _ _ _ _ _ _ _ _ _ _ _ _ _ _ _ _ _ _ 

self = <sqlalchemy.engine.base.Connection object at 0x11705efe0>
dialect = <sqlalchemy.dialects.postgresql.psycopg2.PGDialect_psycopg2 object at 0x109e3a050>
constructor = <bound method DefaultExecutionContext._init_compiled of <class 'sqlalchemy.dialects.postgresql.psycopg2.PGExecutionContext_psycopg2'>>
statement = <sqlalchemy.dialects.postgresql.base.PGCompiler object at 0x10b6ec4f0>
parameters = [{'created_by_id': None, 'date_deleted': None, 'deleted_by_id': None, 'email': 'saas-admin-9cb9d76d@test.local', ...}]
execution_options = immutabledict({'compiled_cache': <sqlalchemy.util._collections.LRUCache object at 0x112bf0e00>})
args = (<sqlalchemy.dialects.postgresql.base.PGCompiler object at 0x10b6ec4f0>, [{'created_by_id': None, 'date_deleted': None..._by_id': None, 'email': 'saas-admin-9cb9d76d@test.local', ...}], <sqlalchemy.sql.dml.Insert object at 0x11705f3d0>, [])
kw = {'cache_hit': <CacheStats.CACHE_MISS: 1>}, yp = None
conn = <sqlalchemy.pool.base._ConnectionFairy object at 0x112bb97e0>
context = <sqlalchemy.dialects.postgresql.psycopg2.PGExecutionContext_psycopg2 object at 0x11705f820>

    def _execute_context(
        self,
        dialect: Dialect,
        constructor: Callable[..., ExecutionContext],
        statement: Union[str, Compiled],
        parameters: Optional[_AnyMultiExecuteParams],
        execution_options: _ExecuteOptions,
        *args: Any,
        **kw: Any,
    ) -> CursorResult[Any]:
        """Create an :class:`.ExecutionContext` and execute, returning
        a :class:`_engine.CursorResult`."""
    
        if execution_options:
            yp = execution_options.get("yield_per", None)
            if yp:
                execution_options = execution_options.union(
                    {"stream_results": True, "max_row_buffer": yp}
                )
        try:
            conn = self._dbapi_connection
            if conn is None:
                conn = self._revalidate_connection()
    
            context = constructor(
                dialect, self, conn, execution_options, *args, **kw
            )
        except (exc.PendingRollbackError, exc.ResourceClosedError):
            raise
        except BaseException as e:
            self._handle_dbapi_exception(
                e, str(statement), parameters, None, None
            )
    
        if (
            self._transaction
            and not self._transaction.is_active
            or (
                self._nested_transaction
                and not self._nested_transaction.is_active
            )
        ):
            self._invalid_transaction()
    
        elif self._trans_context_manager:
            TransactionalContext._trans_ctx_check(self)
    
        if self._transaction is None:
            self._autobegin()
    
        context.pre_exec()
    
        if context.execute_style is ExecuteStyle.INSERTMANYVALUES:
            return self._exec_insertmany_context(dialect, context)
        else:
>           return self._exec_single_context(
                dialect, context, statement, parameters
            )

../../.pyenv/versions/3.10.11/lib/python3.10/site-packages/sqlalchemy/engine/base.py:1846: 
_ _ _ _ _ _ _ _ _ _ _ _ _ _ _ _ _ _ _ _ _ _ _ _ _ _ _ _ _ _ _ _ _ _ _ _ _ _ _ _ 

self = <sqlalchemy.engine.base.Connection object at 0x11705efe0>
dialect = <sqlalchemy.dialects.postgresql.psycopg2.PGDialect_psycopg2 object at 0x109e3a050>
context = <sqlalchemy.dialects.postgresql.psycopg2.PGExecutionContext_psycopg2 object at 0x11705f820>
statement = <sqlalchemy.dialects.postgresql.base.PGCompiler object at 0x10b6ec4f0>
parameters = [{'created_by_id': None, 'date_created': datetime.datetime(2026, 5, 3, 21, 26, 48, 825708, tzinfo=datetime.timezone.ut..._deleted': None, 'date_updated': datetime.datetime(2026, 5, 3, 21, 26, 48, 825712, tzinfo=datetime.timezone.utc), ...}]

    def _exec_single_context(
        self,
        dialect: Dialect,
        context: ExecutionContext,
        statement: Union[str, Compiled],
        parameters: Optional[_AnyMultiExecuteParams],
    ) -> CursorResult[Any]:
        """continue the _execute_context() method for a single DBAPI
        cursor.execute() or cursor.executemany() call.
    
        """
        if dialect.bind_typing is BindTyping.SETINPUTSIZES:
            generic_setinputsizes = context._prepare_set_input_sizes()
    
            if generic_setinputsizes:
                try:
                    dialect.do_set_input_sizes(
                        context.cursor, generic_setinputsizes, context
                    )
                except BaseException as e:
                    self._handle_dbapi_exception(
                        e, str(statement), parameters, None, context
                    )
    
        cursor, str_statement, parameters = (
            context.cursor,
            context.statement,
            context.parameters,
        )
    
        effective_parameters: Optional[_AnyExecuteParams]
    
        if not context.executemany:
            effective_parameters = parameters[0]
        else:
            effective_parameters = parameters
    
        if self._has_events or self.engine._has_events:
            for fn in self.dispatch.before_cursor_execute:
                str_statement, effective_parameters = fn(
                    self,
                    cursor,
                    str_statement,
                    effective_parameters,
                    context,
                    context.executemany,
                )
    
        if self._echo:
            self._log_info(str_statement)
    
            stats = context._get_cache_stats()
    
            if not self.engine.hide_parameters:
                self._log_info(
                    "[%s] %r",
                    stats,
                    sql_util._repr_params(
                        effective_parameters,
                        batches=10,
                        ismulti=context.executemany,
                    ),
                )
            else:
                self._log_info(
                    "[%s] [SQL parameters hidden due to hide_parameters=True]",
                    stats,
                )
    
        evt_handled: bool = False
        try:
            if context.execute_style is ExecuteStyle.EXECUTEMANY:
                effective_parameters = cast(
                    "_CoreMultiExecuteParams", effective_parameters
                )
                if self.dialect._has_events:
                    for fn in self.dialect.dispatch.do_executemany:
                        if fn(
                            cursor,
                            str_statement,
                            effective_parameters,
                            context,
                        ):
                            evt_handled = True
                            break
                if not evt_handled:
                    self.dialect.do_executemany(
                        cursor,
                        str_statement,
                        effective_parameters,
                        context,
                    )
            elif not effective_parameters and context.no_parameters:
                if self.dialect._has_events:
                    for fn in self.dialect.dispatch.do_execute_no_params:
                        if fn(cursor, str_statement, context):
                            evt_handled = True
                            break
                if not evt_handled:
                    self.dialect.do_execute_no_params(
                        cursor, str_statement, context
                    )
            else:
                effective_parameters = cast(
                    "_CoreSingleExecuteParams", effective_parameters
                )
                if self.dialect._has_events:
                    for fn in self.dialect.dispatch.do_execute:
                        if fn(
                            cursor,
                            str_statement,
                            effective_parameters,
                            context,
                        ):
                            evt_handled = True
                            break
                if not evt_handled:
                    self.dialect.do_execute(
                        cursor, str_statement, effective_parameters, context
                    )
    
            if self._has_events or self.engine._has_events:
                self.dispatch.after_cursor_execute(
                    self,
                    cursor,
                    str_statement,
                    effective_parameters,
                    context,
                    context.executemany,
                )
    
            context.post_exec()
    
            result = context._setup_result_proxy()
    
        except BaseException as e:
>           self._handle_dbapi_exception(
                e, str_statement, effective_parameters, cursor, context
            )

../../.pyenv/versions/3.10.11/lib/python3.10/site-packages/sqlalchemy/engine/base.py:1986: 
_ _ _ _ _ _ _ _ _ _ _ _ _ _ _ _ _ _ _ _ _ _ _ _ _ _ _ _ _ _ _ _ _ _ _ _ _ _ _ _ 

self = <sqlalchemy.engine.base.Connection object at 0x11705efe0>
e = UndefinedTable('relation "saas_admin" does not exist\nLINE 1: INSERT INTO saas_admin (first_name, last_name, email, phone_...\n                    ^\n')
statement = 'INSERT INTO saas_admin (first_name, last_name, email, phone_number, password_hash, status, is_superuser, platform_rol..., %(date_updated)s, %(date_deleted)s, %(created_by_id)s, %(updated_by_id)s, %(deleted_by_id)s) RETURNING saas_admin.id'
parameters = {'created_by_id': None, 'date_created': datetime.datetime(2026, 5, 3, 21, 26, 48, 825708, tzinfo=datetime.timezone.utc...e_deleted': None, 'date_updated': datetime.datetime(2026, 5, 3, 21, 26, 48, 825712, tzinfo=datetime.timezone.utc), ...}
cursor = <cursor object at 0x112f87e20; closed: -1>
context = <sqlalchemy.dialects.postgresql.psycopg2.PGExecutionContext_psycopg2 object at 0x11705f820>
is_sub_exec = False

    def _handle_dbapi_exception(
        self,
        e: BaseException,
        statement: Optional[str],
        parameters: Optional[_AnyExecuteParams],
        cursor: Optional[DBAPICursor],
        context: Optional[ExecutionContext],
        is_sub_exec: bool = False,
    ) -> NoReturn:
        exc_info = sys.exc_info()
    
        is_exit_exception = util.is_exit_exception(e)
    
        if not self._is_disconnect:
            self._is_disconnect = (
                isinstance(e, self.dialect.loaded_dbapi.Error)
                and not self.closed
                and self.dialect.is_disconnect(
                    e,
                    self._dbapi_connection if not self.invalidated else None,
                    cursor,
                )
            ) or (is_exit_exception and not self.closed)
    
        invalidate_pool_on_disconnect = not is_exit_exception
    
        ismulti: bool = (
            not is_sub_exec and context.executemany
            if context is not None
            else False
        )
        if self._reentrant_error:
            raise exc.DBAPIError.instance(
                statement,
                parameters,
                e,
                self.dialect.loaded_dbapi.Error,
                hide_parameters=self.engine.hide_parameters,
                dialect=self.dialect,
                ismulti=ismulti,
            ).with_traceback(exc_info[2]) from e
        self._reentrant_error = True
        try:
            # non-DBAPI error - if we already got a context,
            # or there's no string statement, don't wrap it
            should_wrap = isinstance(e, self.dialect.loaded_dbapi.Error) or (
                statement is not None
                and context is None
                and not is_exit_exception
            )
    
            if should_wrap:
                sqlalchemy_exception = exc.DBAPIError.instance(
                    statement,
                    parameters,
                    cast(Exception, e),
                    self.dialect.loaded_dbapi.Error,
                    hide_parameters=self.engine.hide_parameters,
                    connection_invalidated=self._is_disconnect,
                    dialect=self.dialect,
                    ismulti=ismulti,
                )
            else:
                sqlalchemy_exception = None
    
            newraise = None
    
            if (self.dialect._has_events) and not self._execution_options.get(
                "skip_user_error_events", False
            ):
                ctx = ExceptionContextImpl(
                    e,
                    sqlalchemy_exception,
                    self.engine,
                    self.dialect,
                    self,
                    cursor,
                    statement,
                    parameters,
                    context,
                    self._is_disconnect,
                    invalidate_pool_on_disconnect,
                    False,
                )
    
                for fn in self.dialect.dispatch.handle_error:
                    try:
                        # handler returns an exception;
                        # call next handler in a chain
                        per_fn = fn(ctx)
                        if per_fn is not None:
                            ctx.chained_exception = newraise = per_fn
                    except Exception as _raised:
                        # handler raises an exception - stop processing
                        newraise = _raised
                        break
    
                if self._is_disconnect != ctx.is_disconnect:
                    self._is_disconnect = ctx.is_disconnect
                    if sqlalchemy_exception:
                        sqlalchemy_exception.connection_invalidated = (
                            ctx.is_disconnect
                        )
    
                # set up potentially user-defined value for
                # invalidate pool.
                invalidate_pool_on_disconnect = (
                    ctx.invalidate_pool_on_disconnect
                )
    
            if should_wrap and context:
                context.handle_dbapi_exception(e)
    
            if not self._is_disconnect:
                if cursor:
                    self._safe_close_cursor(cursor)
                # "autorollback" was mostly relevant in 1.x series.
                # It's very unlikely to reach here, as the connection
                # does autobegin so when we are here, we are usually
                # in an explicit / semi-explicit transaction.
                # however we have a test which manufactures this
                # scenario in any case using an event handler.
                # test/engine/test_execute.py-> test_actual_autorollback
                if not self.in_transaction():
                    self._rollback_impl()
    
            if newraise:
                raise newraise.with_traceback(exc_info[2]) from e
            elif should_wrap:
                assert sqlalchemy_exception is not None
>               raise sqlalchemy_exception.with_traceback(exc_info[2]) from e

../../.pyenv/versions/3.10.11/lib/python3.10/site-packages/sqlalchemy/engine/base.py:2363: 
_ _ _ _ _ _ _ _ _ _ _ _ _ _ _ _ _ _ _ _ _ _ _ _ _ _ _ _ _ _ _ _ _ _ _ _ _ _ _ _ 

self = <sqlalchemy.engine.base.Connection object at 0x11705efe0>
dialect = <sqlalchemy.dialects.postgresql.psycopg2.PGDialect_psycopg2 object at 0x109e3a050>
context = <sqlalchemy.dialects.postgresql.psycopg2.PGExecutionContext_psycopg2 object at 0x11705f820>
statement = <sqlalchemy.dialects.postgresql.base.PGCompiler object at 0x10b6ec4f0>
parameters = [{'created_by_id': None, 'date_created': datetime.datetime(2026, 5, 3, 21, 26, 48, 825708, tzinfo=datetime.timezone.ut..._deleted': None, 'date_updated': datetime.datetime(2026, 5, 3, 21, 26, 48, 825712, tzinfo=datetime.timezone.utc), ...}]

    def _exec_single_context(
        self,
        dialect: Dialect,
        context: ExecutionContext,
        statement: Union[str, Compiled],
        parameters: Optional[_AnyMultiExecuteParams],
    ) -> CursorResult[Any]:
        """continue the _execute_context() method for a single DBAPI
        cursor.execute() or cursor.executemany() call.
    
        """
        if dialect.bind_typing is BindTyping.SETINPUTSIZES:
            generic_setinputsizes = context._prepare_set_input_sizes()
    
            if generic_setinputsizes:
                try:
                    dialect.do_set_input_sizes(
                        context.cursor, generic_setinputsizes, context
                    )
                except BaseException as e:
                    self._handle_dbapi_exception(
                        e, str(statement), parameters, None, context
                    )
    
        cursor, str_statement, parameters = (
            context.cursor,
            context.statement,
            context.parameters,
        )
    
        effective_parameters: Optional[_AnyExecuteParams]
    
        if not context.executemany:
            effective_parameters = parameters[0]
        else:
            effective_parameters = parameters
    
        if self._has_events or self.engine._has_events:
            for fn in self.dispatch.before_cursor_execute:
                str_statement, effective_parameters = fn(
                    self,
                    cursor,
                    str_statement,
                    effective_parameters,
                    context,
                    context.executemany,
                )
    
        if self._echo:
            self._log_info(str_statement)
    
            stats = context._get_cache_stats()
    
            if not self.engine.hide_parameters:
                self._log_info(
                    "[%s] %r",
                    stats,
                    sql_util._repr_params(
                        effective_parameters,
                        batches=10,
                        ismulti=context.executemany,
                    ),
                )
            else:
                self._log_info(
                    "[%s] [SQL parameters hidden due to hide_parameters=True]",
                    stats,
                )
    
        evt_handled: bool = False
        try:
            if context.execute_style is ExecuteStyle.EXECUTEMANY:
                effective_parameters = cast(
                    "_CoreMultiExecuteParams", effective_parameters
                )
                if self.dialect._has_events:
                    for fn in self.dialect.dispatch.do_executemany:
                        if fn(
                            cursor,
                            str_statement,
                            effective_parameters,
                            context,
                        ):
                            evt_handled = True
                            break
                if not evt_handled:
                    self.dialect.do_executemany(
                        cursor,
                        str_statement,
                        effective_parameters,
                        context,
                    )
            elif not effective_parameters and context.no_parameters:
                if self.dialect._has_events:
                    for fn in self.dialect.dispatch.do_execute_no_params:
                        if fn(cursor, str_statement, context):
                            evt_handled = True
                            break
                if not evt_handled:
                    self.dialect.do_execute_no_params(
                        cursor, str_statement, context
                    )
            else:
                effective_parameters = cast(
                    "_CoreSingleExecuteParams", effective_parameters
                )
                if self.dialect._has_events:
                    for fn in self.dialect.dispatch.do_execute:
                        if fn(
                            cursor,
                            str_statement,
                            effective_parameters,
                            context,
                        ):
                            evt_handled = True
                            break
                if not evt_handled:
>                   self.dialect.do_execute(
                        cursor, str_statement, effective_parameters, context
                    )

../../.pyenv/versions/3.10.11/lib/python3.10/site-packages/sqlalchemy/engine/base.py:1967: 
_ _ _ _ _ _ _ _ _ _ _ _ _ _ _ _ _ _ _ _ _ _ _ _ _ _ _ _ _ _ _ _ _ _ _ _ _ _ _ _ 

self = <sqlalchemy.dialects.postgresql.psycopg2.PGDialect_psycopg2 object at 0x109e3a050>
cursor = <cursor object at 0x112f87e20; closed: -1>
statement = 'INSERT INTO saas_admin (first_name, last_name, email, phone_number, password_hash, status, is_superuser, platform_rol..., %(date_updated)s, %(date_deleted)s, %(created_by_id)s, %(updated_by_id)s, %(deleted_by_id)s) RETURNING saas_admin.id'
parameters = {'created_by_id': None, 'date_created': datetime.datetime(2026, 5, 3, 21, 26, 48, 825708, tzinfo=datetime.timezone.utc...e_deleted': None, 'date_updated': datetime.datetime(2026, 5, 3, 21, 26, 48, 825712, tzinfo=datetime.timezone.utc), ...}
context = <sqlalchemy.dialects.postgresql.psycopg2.PGExecutionContext_psycopg2 object at 0x11705f820>

    def do_execute(self, cursor, statement, parameters, context=None):
>       cursor.execute(statement, parameters)
E       sqlalchemy.exc.ProgrammingError: (psycopg2.errors.UndefinedTable) relation "saas_admin" does not exist
E       LINE 1: INSERT INTO saas_admin (first_name, last_name, email, phone_...
E                           ^
E       
E       [SQL: INSERT INTO saas_admin (first_name, last_name, email, phone_number, password_hash, status, is_superuser, platform_role, failed_login_attempts, locked_until, last_login_at, is_active, is_deleted, date_created, date_updated, date_deleted, created_by_id, updated_by_id, deleted_by_id) VALUES (%(first_name)s, %(last_name)s, %(email)s, %(phone_number)s, %(password_hash)s, %(status)s, %(is_superuser)s, %(platform_role)s, %(failed_login_attempts)s, %(locked_until)s, %(last_login_at)s, %(is_active)s, %(is_deleted)s, %(date_created)s, %(date_updated)s, %(date_deleted)s, %(created_by_id)s, %(updated_by_id)s, %(deleted_by_id)s) RETURNING saas_admin.id]
E       [parameters: {'first_name': 'SaaS', 'last_name': 'Administrator', 'email': 'saas-admin-9cb9d76d@test.local', 'phone_number': None, 'password_hash': '$2b$12$idnb3wz9IB8uszUKRUVS/.TsA5MF0Te10VhuLi.K3LCUt7fon1eIC', 'status': 'ACTIVE', 'is_superuser': True, 'platform_role': 'SUPER_ADMIN', 'failed_login_attempts': 0, 'locked_until': None, 'last_login_at': None, 'is_active': True, 'is_deleted': False, 'date_created': datetime.datetime(2026, 5, 3, 21, 26, 48, 825708, tzinfo=datetime.timezone.utc), 'date_updated': datetime.datetime(2026, 5, 3, 21, 26, 48, 825712, tzinfo=datetime.timezone.utc), 'date_deleted': None, 'created_by_id': None, 'updated_by_id': None, 'deleted_by_id': None}]
E       (Background on this error at: https://sqlalche.me/e/20/f405)

../../.pyenv/versions/3.10.11/lib/python3.10/site-packages/sqlalchemy/engine/default.py:952: ProgrammingError
______________ ERROR at setup of TestTenantRoutes.test_get_tenant ______________

self = <sqlalchemy.engine.base.Connection object at 0x1176b21d0>
dialect = <sqlalchemy.dialects.postgresql.psycopg2.PGDialect_psycopg2 object at 0x109e3a050>
context = <sqlalchemy.dialects.postgresql.psycopg2.PGExecutionContext_psycopg2 object at 0x1176b2020>
statement = <sqlalchemy.dialects.postgresql.base.PGCompiler object at 0x10b6ec4f0>
parameters = [{'created_by_id': None, 'date_created': datetime.datetime(2026, 5, 3, 21, 26, 49, 306515, tzinfo=datetime.timezone.ut..._deleted': None, 'date_updated': datetime.datetime(2026, 5, 3, 21, 26, 49, 306561, tzinfo=datetime.timezone.utc), ...}]

    def _exec_single_context(
        self,
        dialect: Dialect,
        context: ExecutionContext,
        statement: Union[str, Compiled],
        parameters: Optional[_AnyMultiExecuteParams],
    ) -> CursorResult[Any]:
        """continue the _execute_context() method for a single DBAPI
        cursor.execute() or cursor.executemany() call.
    
        """
        if dialect.bind_typing is BindTyping.SETINPUTSIZES:
            generic_setinputsizes = context._prepare_set_input_sizes()
    
            if generic_setinputsizes:
                try:
                    dialect.do_set_input_sizes(
                        context.cursor, generic_setinputsizes, context
                    )
                except BaseException as e:
                    self._handle_dbapi_exception(
                        e, str(statement), parameters, None, context
                    )
    
        cursor, str_statement, parameters = (
            context.cursor,
            context.statement,
            context.parameters,
        )
    
        effective_parameters: Optional[_AnyExecuteParams]
    
        if not context.executemany:
            effective_parameters = parameters[0]
        else:
            effective_parameters = parameters
    
        if self._has_events or self.engine._has_events:
            for fn in self.dispatch.before_cursor_execute:
                str_statement, effective_parameters = fn(
                    self,
                    cursor,
                    str_statement,
                    effective_parameters,
                    context,
                    context.executemany,
                )
    
        if self._echo:
            self._log_info(str_statement)
    
            stats = context._get_cache_stats()
    
            if not self.engine.hide_parameters:
                self._log_info(
                    "[%s] %r",
                    stats,
                    sql_util._repr_params(
                        effective_parameters,
                        batches=10,
                        ismulti=context.executemany,
                    ),
                )
            else:
                self._log_info(
                    "[%s] [SQL parameters hidden due to hide_parameters=True]",
                    stats,
                )
    
        evt_handled: bool = False
        try:
            if context.execute_style is ExecuteStyle.EXECUTEMANY:
                effective_parameters = cast(
                    "_CoreMultiExecuteParams", effective_parameters
                )
                if self.dialect._has_events:
                    for fn in self.dialect.dispatch.do_executemany:
                        if fn(
                            cursor,
                            str_statement,
                            effective_parameters,
                            context,
                        ):
                            evt_handled = True
                            break
                if not evt_handled:
                    self.dialect.do_executemany(
                        cursor,
                        str_statement,
                        effective_parameters,
                        context,
                    )
            elif not effective_parameters and context.no_parameters:
                if self.dialect._has_events:
                    for fn in self.dialect.dispatch.do_execute_no_params:
                        if fn(cursor, str_statement, context):
                            evt_handled = True
                            break
                if not evt_handled:
                    self.dialect.do_execute_no_params(
                        cursor, str_statement, context
                    )
            else:
                effective_parameters = cast(
                    "_CoreSingleExecuteParams", effective_parameters
                )
                if self.dialect._has_events:
                    for fn in self.dialect.dispatch.do_execute:
                        if fn(
                            cursor,
                            str_statement,
                            effective_parameters,
                            context,
                        ):
                            evt_handled = True
                            break
                if not evt_handled:
>                   self.dialect.do_execute(
                        cursor, str_statement, effective_parameters, context
                    )

../../.pyenv/versions/3.10.11/lib/python3.10/site-packages/sqlalchemy/engine/base.py:1967: 
_ _ _ _ _ _ _ _ _ _ _ _ _ _ _ _ _ _ _ _ _ _ _ _ _ _ _ _ _ _ _ _ _ _ _ _ _ _ _ _ 

self = <sqlalchemy.dialects.postgresql.psycopg2.PGDialect_psycopg2 object at 0x109e3a050>
cursor = <cursor object at 0x112f87f10; closed: -1>
statement = 'INSERT INTO saas_admin (first_name, last_name, email, phone_number, password_hash, status, is_superuser, platform_rol..., %(date_updated)s, %(date_deleted)s, %(created_by_id)s, %(updated_by_id)s, %(deleted_by_id)s) RETURNING saas_admin.id'
parameters = {'created_by_id': None, 'date_created': datetime.datetime(2026, 5, 3, 21, 26, 49, 306515, tzinfo=datetime.timezone.utc...e_deleted': None, 'date_updated': datetime.datetime(2026, 5, 3, 21, 26, 49, 306561, tzinfo=datetime.timezone.utc), ...}
context = <sqlalchemy.dialects.postgresql.psycopg2.PGExecutionContext_psycopg2 object at 0x1176b2020>

    def do_execute(self, cursor, statement, parameters, context=None):
>       cursor.execute(statement, parameters)
E       psycopg2.errors.UndefinedTable: relation "saas_admin" does not exist
E       LINE 1: INSERT INTO saas_admin (first_name, last_name, email, phone_...
E                           ^

../../.pyenv/versions/3.10.11/lib/python3.10/site-packages/sqlalchemy/engine/default.py:952: UndefinedTable

The above exception was the direct cause of the following exception:

db_session = <sqlalchemy.orm.session.Session object at 0x1176b3400>

    @pytest.fixture()
    def saas_admin_user(db_session):
        """Create a SaaS Admin user in the master database."""
        from app.models.all_models import SaaSAdmin
        from app.core.security import get_password_hash
        import uuid
    
        email = f"saas-admin-{uuid.uuid4().hex[:8]}@test.local"
        password = "SaaSAdminPass123"
        from app.core.enums import UserStatus, SaaSRole
        admin = SaaSAdmin()
        admin.email = email
        admin.password_hash = get_password_hash(password)
        admin.first_name = "SaaS"
        admin.last_name = "Administrator"
        admin.status = UserStatus.ACTIVE
        admin.is_superuser = True
        admin.platform_role = SaaSRole.SUPER_ADMIN
        # SaaSAdmin usually lives in master DB. In tests, we use the same DB.
        db_session.add(admin)
>       db_session.commit()

app/tests/conftest.py:207: 
_ _ _ _ _ _ _ _ _ _ _ _ _ _ _ _ _ _ _ _ _ _ _ _ _ _ _ _ _ _ _ _ _ _ _ _ _ _ _ _ 

self = <sqlalchemy.orm.session.Session object at 0x1176b3400>

    def commit(self) -> None:
        """Flush pending changes and commit the current transaction.
    
        When the COMMIT operation is complete, all objects are fully
        :term:`expired`, erasing their internal contents, which will be
        automatically re-loaded when the objects are next accessed. In the
        interim, these objects are in an expired state and will not function if
        they are :term:`detached` from the :class:`.Session`. Additionally,
        this re-load operation is not supported when using asyncio-oriented
        APIs. The :paramref:`.Session.expire_on_commit` parameter may be used
        to disable this behavior.
    
        When there is no transaction in place for the :class:`.Session`,
        indicating that no operations were invoked on this :class:`.Session`
        since the previous call to :meth:`.Session.commit`, the method will
        begin and commit an internal-only "logical" transaction, that does not
        normally affect the database unless pending flush changes were
        detected, but will still invoke event handlers and object expiration
        rules.
    
        The outermost database transaction is committed unconditionally,
        automatically releasing any SAVEPOINTs in effect.
    
        .. seealso::
    
            :ref:`session_committing`
    
            :ref:`unitofwork_transaction`
    
            :ref:`asyncio_orm_avoid_lazyloads`
    
        """
        trans = self._transaction
        if trans is None:
            trans = self._autobegin_t()
    
>       trans.commit(_to_root=True)

../../.pyenv/versions/3.10.11/lib/python3.10/site-packages/sqlalchemy/orm/session.py:2030: 
_ _ _ _ _ _ _ _ _ _ _ _ _ _ _ _ _ _ _ _ _ _ _ _ _ _ _ _ _ _ _ _ _ _ _ _ _ _ _ _ 

fn = <function SessionTransaction.commit at 0x109ccec20>
self = <sqlalchemy.orm.session.SessionTransaction object at 0x1105a5e40>
arg = (), kw = {'_to_root': True}
current_state = <SessionTransactionState.ACTIVE: 1>
next_state = <_StateChangeStates.ANY: 1>, existing_fn = None
expect_state = <SessionTransactionState.CLOSED: 5>

    @util.decorator
    def _go(fn: _F, self: Any, *arg: Any, **kw: Any) -> Any:
        current_state = self._state
    
        if (
            has_prerequisite_states
            and current_state not in prerequisite_state_collection
        ):
            self._raise_for_prerequisite_state(fn.__name__, current_state)
    
        next_state = self._next_state
        existing_fn = self._current_fn
        expect_state = moves_to if expect_state_change else current_state
    
        if (
            # destination states are restricted
            next_state is not _StateChangeStates.ANY
            # method seeks to change state
            and expect_state_change
            # destination state incorrect
            and next_state is not expect_state
        ):
            if existing_fn and next_state in (
                _StateChangeStates.NO_CHANGE,
                _StateChangeStates.CHANGE_IN_PROGRESS,
            ):
                raise sa_exc.IllegalStateChangeError(
                    f"Method '{fn.__name__}()' can't be called here; "
                    f"method '{existing_fn.__name__}()' is already "
                    f"in progress and this would cause an unexpected "
                    f"state change to {moves_to!r}",
                    code="isce",
                )
            else:
                raise sa_exc.IllegalStateChangeError(
                    f"Can't run operation '{fn.__name__}()' here; "
                    f"will move to state {moves_to!r} where we are "
                    f"expecting {next_state!r}",
                    code="isce",
                )
    
        self._current_fn = fn
        self._next_state = _StateChangeStates.CHANGE_IN_PROGRESS
        try:
>           ret_value = fn(self, *arg, **kw)

../../.pyenv/versions/3.10.11/lib/python3.10/site-packages/sqlalchemy/orm/state_changes.py:137: 
_ _ _ _ _ _ _ _ _ _ _ _ _ _ _ _ _ _ _ _ _ _ _ _ _ _ _ _ _ _ _ _ _ _ _ _ _ _ _ _ 

self = <sqlalchemy.orm.session.SessionTransaction object at 0x1105a5e40>
_to_root = True

    @_StateChange.declare_states(
        (SessionTransactionState.ACTIVE, SessionTransactionState.PREPARED),
        SessionTransactionState.CLOSED,
    )
    def commit(self, _to_root: bool = False) -> None:
        if self._state is not SessionTransactionState.PREPARED:
            with self._expect_state(SessionTransactionState.PREPARED):
>               self._prepare_impl()

../../.pyenv/versions/3.10.11/lib/python3.10/site-packages/sqlalchemy/orm/session.py:1311: 
_ _ _ _ _ _ _ _ _ _ _ _ _ _ _ _ _ _ _ _ _ _ _ _ _ _ _ _ _ _ _ _ _ _ _ _ _ _ _ _ 

fn = <function SessionTransaction._prepare_impl at 0x109ccea70>
self = <sqlalchemy.orm.session.SessionTransaction object at 0x1105a5e40>
arg = (), kw = {}, current_state = <SessionTransactionState.ACTIVE: 1>
next_state = <SessionTransactionState.PREPARED: 2>
existing_fn = <function SessionTransaction.commit at 0x109ccec20>
expect_state = <SessionTransactionState.PREPARED: 2>

    @util.decorator
    def _go(fn: _F, self: Any, *arg: Any, **kw: Any) -> Any:
        current_state = self._state
    
        if (
            has_prerequisite_states
            and current_state not in prerequisite_state_collection
        ):
            self._raise_for_prerequisite_state(fn.__name__, current_state)
    
        next_state = self._next_state
        existing_fn = self._current_fn
        expect_state = moves_to if expect_state_change else current_state
    
        if (
            # destination states are restricted
            next_state is not _StateChangeStates.ANY
            # method seeks to change state
            and expect_state_change
            # destination state incorrect
            and next_state is not expect_state
        ):
            if existing_fn and next_state in (
                _StateChangeStates.NO_CHANGE,
                _StateChangeStates.CHANGE_IN_PROGRESS,
            ):
                raise sa_exc.IllegalStateChangeError(
                    f"Method '{fn.__name__}()' can't be called here; "
                    f"method '{existing_fn.__name__}()' is already "
                    f"in progress and this would cause an unexpected "
                    f"state change to {moves_to!r}",
                    code="isce",
                )
            else:
                raise sa_exc.IllegalStateChangeError(
                    f"Can't run operation '{fn.__name__}()' here; "
                    f"will move to state {moves_to!r} where we are "
                    f"expecting {next_state!r}",
                    code="isce",
                )
    
        self._current_fn = fn
        self._next_state = _StateChangeStates.CHANGE_IN_PROGRESS
        try:
>           ret_value = fn(self, *arg, **kw)

../../.pyenv/versions/3.10.11/lib/python3.10/site-packages/sqlalchemy/orm/state_changes.py:137: 
_ _ _ _ _ _ _ _ _ _ _ _ _ _ _ _ _ _ _ _ _ _ _ _ _ _ _ _ _ _ _ _ _ _ _ _ _ _ _ _ 

self = <sqlalchemy.orm.session.SessionTransaction object at 0x1105a5e40>

    @_StateChange.declare_states(
        (SessionTransactionState.ACTIVE,), SessionTransactionState.PREPARED
    )
    def _prepare_impl(self) -> None:
        if self._parent is None or self.nested:
            self.session.dispatch.before_commit(self.session)
    
        stx = self.session._transaction
        assert stx is not None
        if stx is not self:
            for subtransaction in stx._iterate_self_and_parents(upto=self):
                subtransaction.commit()
    
        if not self.session._flushing:
            for _flush_guard in range(100):
                if self.session._is_clean():
                    break
>               self.session.flush()

../../.pyenv/versions/3.10.11/lib/python3.10/site-packages/sqlalchemy/orm/session.py:1286: 
_ _ _ _ _ _ _ _ _ _ _ _ _ _ _ _ _ _ _ _ _ _ _ _ _ _ _ _ _ _ _ _ _ _ _ _ _ _ _ _ 

self = <sqlalchemy.orm.session.Session object at 0x1176b3400>, objects = None

    def flush(self, objects: Optional[Sequence[Any]] = None) -> None:
        """Flush all the object changes to the database.
    
        Writes out all pending object creations, deletions and modifications
        to the database as INSERTs, DELETEs, UPDATEs, etc.  Operations are
        automatically ordered by the Session's unit of work dependency
        solver.
    
        Database operations will be issued in the current transactional
        context and do not affect the state of the transaction, unless an
        error occurs, in which case the entire transaction is rolled back.
        You may flush() as often as you like within a transaction to move
        changes from Python to the database's transaction buffer.
    
        :param objects: Optional; restricts the flush operation to operate
          only on elements that are in the given collection.
    
          This feature is for an extremely narrow set of use cases where
          particular objects may need to be operated upon before the
          full flush() occurs.  It is not intended for general use.
    
        """
    
        if self._flushing:
            raise sa_exc.InvalidRequestError("Session is already flushing")
    
        if self._is_clean():
            return
        try:
            self._flushing = True
>           self._flush(objects)

../../.pyenv/versions/3.10.11/lib/python3.10/site-packages/sqlalchemy/orm/session.py:4331: 
_ _ _ _ _ _ _ _ _ _ _ _ _ _ _ _ _ _ _ _ _ _ _ _ _ _ _ _ _ _ _ _ _ _ _ _ _ _ _ _ 

self = <sqlalchemy.orm.session.Session object at 0x1176b3400>, objects = None

    def _flush(self, objects: Optional[Sequence[object]] = None) -> None:
        dirty = self._dirty_states
        if not dirty and not self._deleted and not self._new:
            self.identity_map._modified.clear()
            return
    
        flush_context = UOWTransaction(self)
    
        if self.dispatch.before_flush:
            self.dispatch.before_flush(self, flush_context, objects)
            # re-establish "dirty states" in case the listeners
            # added
            dirty = self._dirty_states
    
        deleted = set(self._deleted)
        new = set(self._new)
    
        dirty = set(dirty).difference(deleted)
    
        # create the set of all objects we want to operate upon
        if objects:
            # specific list passed in
            objset = set()
            for o in objects:
                try:
                    state = attributes.instance_state(o)
    
                except exc.NO_STATE as err:
                    raise exc.UnmappedInstanceError(o) from err
                objset.add(state)
        else:
            objset = None
    
        # store objects whose fate has been decided
        processed = set()
    
        # put all saves/updates into the flush context.  detect top-level
        # orphans and throw them into deleted.
        if objset:
            proc = new.union(dirty).intersection(objset).difference(deleted)
        else:
            proc = new.union(dirty).difference(deleted)
    
        for state in proc:
            is_orphan = _state_mapper(state)._is_orphan(state)
    
            is_persistent_orphan = is_orphan and state.has_identity
    
            if (
                is_orphan
                and not is_persistent_orphan
                and state._orphaned_outside_of_session
            ):
                self._expunge_states([state])
            else:
                _reg = flush_context.register_object(
                    state, isdelete=is_persistent_orphan
                )
                assert _reg, "Failed to add object to the flush context!"
                processed.add(state)
    
        # put all remaining deletes into the flush context.
        if objset:
            proc = deleted.intersection(objset).difference(processed)
        else:
            proc = deleted.difference(processed)
        for state in proc:
            _reg = flush_context.register_object(state, isdelete=True)
            assert _reg, "Failed to add object to the flush context!"
    
        if not flush_context.has_work:
            return
    
        flush_context.transaction = transaction = self._autobegin_t()._begin()
        try:
            self._warn_on_events = True
            try:
                flush_context.execute()
            finally:
                self._warn_on_events = False
    
            self.dispatch.after_flush(self, flush_context)
    
            flush_context.finalize_flush_changes()
    
            if not objects and self.identity_map._modified:
                len_ = len(self.identity_map._modified)
    
                statelib.InstanceState._commit_all_states(
                    [
                        (state, state.dict)
                        for state in self.identity_map._modified
                    ],
                    instance_dict=self.identity_map,
                )
                util.warn(
                    "Attribute history events accumulated on %d "
                    "previously clean instances "
                    "within inner-flush event handlers have been "
                    "reset, and will not result in database updates. "
                    "Consider using set_committed_value() within "
                    "inner-flush event handlers to avoid this warning." % len_
                )
    
            # useful assertions:
            # if not objects:
            #    assert not self.identity_map._modified
            # else:
            #    assert self.identity_map._modified == \
            #            self.identity_map._modified.difference(objects)
    
            self.dispatch.after_flush_postexec(self, flush_context)
    
            transaction.commit()
    
        except:
>           with util.safe_reraise():

../../.pyenv/versions/3.10.11/lib/python3.10/site-packages/sqlalchemy/orm/session.py:4466: 
_ _ _ _ _ _ _ _ _ _ _ _ _ _ _ _ _ _ _ _ _ _ _ _ _ _ _ _ _ _ _ _ _ _ _ _ _ _ _ _ 

self = <sqlalchemy.util.langhelpers.safe_reraise object at 0x1176b28c0>
type_ = None, value = None, traceback = None

    def __exit__(
        self,
        type_: Optional[Type[BaseException]],
        value: Optional[BaseException],
        traceback: Optional[types.TracebackType],
    ) -> NoReturn:
        assert self._exc_info is not None
        # see #2703 for notes
        if type_ is None:
            exc_type, exc_value, exc_tb = self._exc_info
            assert exc_value is not None
            self._exc_info = None  # remove potential circular references
>           raise exc_value.with_traceback(exc_tb)

../../.pyenv/versions/3.10.11/lib/python3.10/site-packages/sqlalchemy/util/langhelpers.py:121: 
_ _ _ _ _ _ _ _ _ _ _ _ _ _ _ _ _ _ _ _ _ _ _ _ _ _ _ _ _ _ _ _ _ _ _ _ _ _ _ _ 

self = <sqlalchemy.orm.session.Session object at 0x1176b3400>, objects = None

    def _flush(self, objects: Optional[Sequence[object]] = None) -> None:
        dirty = self._dirty_states
        if not dirty and not self._deleted and not self._new:
            self.identity_map._modified.clear()
            return
    
        flush_context = UOWTransaction(self)
    
        if self.dispatch.before_flush:
            self.dispatch.before_flush(self, flush_context, objects)
            # re-establish "dirty states" in case the listeners
            # added
            dirty = self._dirty_states
    
        deleted = set(self._deleted)
        new = set(self._new)
    
        dirty = set(dirty).difference(deleted)
    
        # create the set of all objects we want to operate upon
        if objects:
            # specific list passed in
            objset = set()
            for o in objects:
                try:
                    state = attributes.instance_state(o)
    
                except exc.NO_STATE as err:
                    raise exc.UnmappedInstanceError(o) from err
                objset.add(state)
        else:
            objset = None
    
        # store objects whose fate has been decided
        processed = set()
    
        # put all saves/updates into the flush context.  detect top-level
        # orphans and throw them into deleted.
        if objset:
            proc = new.union(dirty).intersection(objset).difference(deleted)
        else:
            proc = new.union(dirty).difference(deleted)
    
        for state in proc:
            is_orphan = _state_mapper(state)._is_orphan(state)
    
            is_persistent_orphan = is_orphan and state.has_identity
    
            if (
                is_orphan
                and not is_persistent_orphan
                and state._orphaned_outside_of_session
            ):
                self._expunge_states([state])
            else:
                _reg = flush_context.register_object(
                    state, isdelete=is_persistent_orphan
                )
                assert _reg, "Failed to add object to the flush context!"
                processed.add(state)
    
        # put all remaining deletes into the flush context.
        if objset:
            proc = deleted.intersection(objset).difference(processed)
        else:
            proc = deleted.difference(processed)
        for state in proc:
            _reg = flush_context.register_object(state, isdelete=True)
            assert _reg, "Failed to add object to the flush context!"
    
        if not flush_context.has_work:
            return
    
        flush_context.transaction = transaction = self._autobegin_t()._begin()
        try:
            self._warn_on_events = True
            try:
>               flush_context.execute()

../../.pyenv/versions/3.10.11/lib/python3.10/site-packages/sqlalchemy/orm/session.py:4427: 
_ _ _ _ _ _ _ _ _ _ _ _ _ _ _ _ _ _ _ _ _ _ _ _ _ _ _ _ _ _ _ _ _ _ _ _ _ _ _ _ 

self = <sqlalchemy.orm.unitofwork.UOWTransaction object at 0x1176b1960>

    def execute(self) -> None:
        postsort_actions = self._generate_actions()
    
        postsort_actions = sorted(
            postsort_actions,
            key=lambda item: item.sort_key,
        )
        # sort = topological.sort(self.dependencies, postsort_actions)
        # print "--------------"
        # print "\ndependencies:", self.dependencies
        # print "\ncycles:", self.cycles
        # print "\nsort:", list(sort)
        # print "\nCOUNT OF POSTSORT ACTIONS", len(postsort_actions)
    
        # execute
        if self.cycles:
            for subset in topological.sort_as_subsets(
                self.dependencies, postsort_actions
            ):
                set_ = set(subset)
                while set_:
                    n = set_.pop()
                    n.execute_aggregate(self, set_)
        else:
            for rec in topological.sort(self.dependencies, postsort_actions):
>               rec.execute(self)

../../.pyenv/versions/3.10.11/lib/python3.10/site-packages/sqlalchemy/orm/unitofwork.py:466: 
_ _ _ _ _ _ _ _ _ _ _ _ _ _ _ _ _ _ _ _ _ _ _ _ _ _ _ _ _ _ _ _ _ _ _ _ _ _ _ _ 

self = SaveUpdateAll(Mapper[SaaSAdmin(saas_admin)])
uow = <sqlalchemy.orm.unitofwork.UOWTransaction object at 0x1176b1960>

    @util.preload_module("sqlalchemy.orm.persistence")
    def execute(self, uow):
>       util.preloaded.orm_persistence.save_obj(
            self.mapper,
            uow.states_for_mapper_hierarchy(self.mapper, False, False),
            uow,
        )

../../.pyenv/versions/3.10.11/lib/python3.10/site-packages/sqlalchemy/orm/unitofwork.py:642: 
_ _ _ _ _ _ _ _ _ _ _ _ _ _ _ _ _ _ _ _ _ _ _ _ _ _ _ _ _ _ _ _ _ _ _ _ _ _ _ _ 

base_mapper = <Mapper at 0x10b6bf130; SaaSAdmin>
states = <generator object UOWTransaction.states_for_mapper_hierarchy at 0x117a42ff0>
uowtransaction = <sqlalchemy.orm.unitofwork.UOWTransaction object at 0x1176b1960>
single = False

    def save_obj(base_mapper, states, uowtransaction, single=False):
        """Issue ``INSERT`` and/or ``UPDATE`` statements for a list
        of objects.
    
        This is called within the context of a UOWTransaction during a
        flush operation, given a list of states to be flushed.  The
        base mapper in an inheritance hierarchy handles the inserts/
        updates for all descendant mappers.
    
        """
    
        # if batch=false, call _save_obj separately for each object
        if not single and not base_mapper.batch:
            for state in _sort_states(base_mapper, states):
                save_obj(base_mapper, [state], uowtransaction, single=True)
            return
    
        states_to_update = []
        states_to_insert = []
    
        for (
            state,
            dict_,
            mapper,
            connection,
            has_identity,
            row_switch,
            update_version_id,
        ) in _organize_states_for_save(base_mapper, states, uowtransaction):
            if has_identity or row_switch:
                states_to_update.append(
                    (state, dict_, mapper, connection, update_version_id)
                )
            else:
                states_to_insert.append((state, dict_, mapper, connection))
    
        for table, mapper in base_mapper._sorted_tables.items():
            if table not in mapper._pks_by_table:
                continue
            insert = _collect_insert_commands(table, states_to_insert)
    
            update = _collect_update_commands(
                uowtransaction, table, states_to_update
            )
    
            _emit_update_statements(
                base_mapper,
                uowtransaction,
                mapper,
                table,
                update,
            )
    
>           _emit_insert_statements(
                base_mapper,
                uowtransaction,
                mapper,
                table,
                insert,
            )

../../.pyenv/versions/3.10.11/lib/python3.10/site-packages/sqlalchemy/orm/persistence.py:93: 
_ _ _ _ _ _ _ _ _ _ _ _ _ _ _ _ _ _ _ _ _ _ _ _ _ _ _ _ _ _ _ _ _ _ _ _ _ _ _ _ 

base_mapper = <Mapper at 0x10b6bf130; SaaSAdmin>
uowtransaction = <sqlalchemy.orm.unitofwork.UOWTransaction object at 0x1176b1960>
mapper = <Mapper at 0x10b6bf130; SaaSAdmin>
table = Table('saas_admin', MetaData(), Column('first_name', String(length=100), table=<saas_admin>, nullable=False), Column('...n('updated_by_id', Integer(), table=<saas_admin>), Column('deleted_by_id', Integer(), table=<saas_admin>), schema=None)
insert = <generator object _collect_insert_commands at 0x117a433e0>

    def _emit_insert_statements(
        base_mapper,
        uowtransaction,
        mapper,
        table,
        insert,
        *,
        bookkeeping=True,
        use_orm_insert_stmt=None,
        execution_options=None,
    ):
        """Emit INSERT statements corresponding to value lists collected
        by _collect_insert_commands()."""
    
        if use_orm_insert_stmt is not None:
            cached_stmt = use_orm_insert_stmt
            exec_opt = util.EMPTY_DICT
    
            # if a user query with RETURNING was passed, we definitely need
            # to use RETURNING.
            returning_is_required_anyway = bool(use_orm_insert_stmt._returning)
            deterministic_results_reqd = (
                returning_is_required_anyway
                and use_orm_insert_stmt._sort_by_parameter_order
            ) or bookkeeping
        else:
            returning_is_required_anyway = False
            deterministic_results_reqd = bookkeeping
            cached_stmt = base_mapper._memo(("insert", table), table.insert)
            exec_opt = {"compiled_cache": base_mapper._compiled_cache}
    
        if execution_options:
            execution_options = util.EMPTY_DICT.merge_with(
                exec_opt, execution_options
            )
        else:
            execution_options = exec_opt
    
        return_result = None
    
        for (
            (connection, _, hasvalue, has_all_pks, has_all_defaults),
            records,
        ) in groupby(
            insert,
            lambda rec: (
                rec[4],  # connection
                set(rec[2]),  # parameter keys
                bool(rec[5]),  # whether we have "value" parameters
                rec[6],
                rec[7],
            ),
        ):
            statement = cached_stmt
    
            if use_orm_insert_stmt is not None:
                statement = statement._annotate(
                    {
                        "_emit_insert_table": table,
                        "_emit_insert_mapper": mapper,
                    }
                )
    
            if (
                (
                    not bookkeeping
                    or (
                        has_all_defaults
                        or not base_mapper._prefer_eager_defaults(
                            connection.dialect, table
                        )
                        or not table.implicit_returning
                        or not connection.dialect.insert_returning
                    )
                )
                and not returning_is_required_anyway
                and has_all_pks
                and not hasvalue
            ):
                # the "we don't need newly generated values back" section.
                # here we have all the PKs, all the defaults or we don't want
                # to fetch them, or the dialect doesn't support RETURNING at all
                # so we have to post-fetch / use lastrowid anyway.
                records = list(records)
                multiparams = [rec[2] for rec in records]
    
                result = connection.execute(
                    statement, multiparams, execution_options=execution_options
                )
                if bookkeeping:
                    for (
                        (
                            state,
                            state_dict,
                            params,
                            mapper_rec,
                            conn,
                            value_params,
                            has_all_pks,
                            has_all_defaults,
                        ),
                        last_inserted_params,
                    ) in zip(records, result.context.compiled_parameters):
                        if state:
                            _postfetch(
                                mapper_rec,
                                uowtransaction,
                                table,
                                state,
                                state_dict,
                                result,
                                last_inserted_params,
                                value_params,
                                False,
                                (
                                    result.returned_defaults
                                    if not result.context.executemany
                                    else None
                                ),
                            )
                        else:
                            _postfetch_bulk_save(mapper_rec, state_dict, table)
    
            else:
                # here, we need defaults and/or pk values back or we otherwise
                # know that we are using RETURNING in any case
    
                records = list(records)
    
                if returning_is_required_anyway or (
                    table.implicit_returning and not hasvalue and len(records) > 1
                ):
                    if (
                        deterministic_results_reqd
                        and connection.dialect.insert_executemany_returning_sort_by_parameter_order  # noqa: E501
                    ) or (
                        not deterministic_results_reqd
                        and connection.dialect.insert_executemany_returning
                    ):
                        do_executemany = True
                    elif returning_is_required_anyway:
                        if deterministic_results_reqd:
                            dt = " with RETURNING and sort by parameter order"
                        else:
                            dt = " with RETURNING"
                        raise sa_exc.InvalidRequestError(
                            f"Can't use explicit RETURNING for bulk INSERT "
                            f"operation with "
                            f"{connection.dialect.dialect_description} backend; "
                            f"executemany{dt} is not enabled for this dialect."
                        )
                    else:
                        do_executemany = False
                else:
                    do_executemany = False
    
                if use_orm_insert_stmt is None:
                    if (
                        not has_all_defaults
                        and base_mapper._prefer_eager_defaults(
                            connection.dialect, table
                        )
                    ):
                        statement = statement.return_defaults(
                            *mapper._server_default_cols[table],
                            sort_by_parameter_order=bookkeeping,
                        )
    
                if mapper.version_id_col is not None:
                    statement = statement.return_defaults(
                        mapper.version_id_col,
                        sort_by_parameter_order=bookkeeping,
                    )
                elif do_executemany:
                    statement = statement.return_defaults(
                        *table.primary_key, sort_by_parameter_order=bookkeeping
                    )
    
                if do_executemany:
                    multiparams = [rec[2] for rec in records]
    
                    result = connection.execute(
                        statement, multiparams, execution_options=execution_options
                    )
    
                    if use_orm_insert_stmt is not None:
                        if return_result is None:
                            return_result = result
                        else:
                            return_result = return_result.splice_vertically(result)
    
                    if bookkeeping:
                        for (
                            (
                                state,
                                state_dict,
                                params,
                                mapper_rec,
                                conn,
                                value_params,
                                has_all_pks,
                                has_all_defaults,
                            ),
                            last_inserted_params,
                            inserted_primary_key,
                            returned_defaults,
                        ) in zip_longest(
                            records,
                            result.context.compiled_parameters,
                            result.inserted_primary_key_rows,
                            result.returned_defaults_rows or (),
                        ):
                            if inserted_primary_key is None:
                                # this is a real problem and means that we didn't
                                # get back as many PK rows.  we can't continue
                                # since this indicates PK rows were missing, which
                                # means we likely mis-populated records starting
                                # at that point with incorrectly matched PK
                                # values.
                                raise orm_exc.FlushError(
                                    "Multi-row INSERT statement for %s did not "
                                    "produce "
                                    "the correct number of INSERTed rows for "
                                    "RETURNING.  Ensure there are no triggers or "
                                    "special driver issues preventing INSERT from "
                                    "functioning properly." % mapper_rec
                                )
    
                            for pk, col in zip(
                                inserted_primary_key,
                                mapper._pks_by_table[table],
                            ):
                                prop = mapper_rec._columntoproperty[col]
                                if state_dict.get(prop.key) is None:
                                    state_dict[prop.key] = pk
    
                            if state:
                                _postfetch(
                                    mapper_rec,
                                    uowtransaction,
                                    table,
                                    state,
                                    state_dict,
                                    result,
                                    last_inserted_params,
                                    value_params,
                                    False,
                                    returned_defaults,
                                )
                            else:
                                _postfetch_bulk_save(mapper_rec, state_dict, table)
                else:
                    assert not returning_is_required_anyway
    
                    for (
                        state,
                        state_dict,
                        params,
                        mapper_rec,
                        connection,
                        value_params,
                        has_all_pks,
                        has_all_defaults,
                    ) in records:
                        if value_params:
                            result = connection.execute(
                                statement.values(value_params),
                                params,
                                execution_options=execution_options,
                            )
                        else:
>                           result = connection.execute(
                                statement,
                                params,
                                execution_options=execution_options,
                            )

../../.pyenv/versions/3.10.11/lib/python3.10/site-packages/sqlalchemy/orm/persistence.py:1233: 
_ _ _ _ _ _ _ _ _ _ _ _ _ _ _ _ _ _ _ _ _ _ _ _ _ _ _ _ _ _ _ _ _ _ _ _ _ _ _ _ 

self = <sqlalchemy.engine.base.Connection object at 0x1176b21d0>
statement = <sqlalchemy.sql.dml.Insert object at 0x1176b22f0>
parameters = {'created_by_id': None, 'date_deleted': None, 'deleted_by_id': None, 'email': 'saas-admin-140c7be6@test.local', ...}

    def execute(
        self,
        statement: Executable,
        parameters: Optional[_CoreAnyExecuteParams] = None,
        *,
        execution_options: Optional[CoreExecuteOptionsParameter] = None,
    ) -> CursorResult[Any]:
        r"""Executes a SQL statement construct and returns a
        :class:`_engine.CursorResult`.
    
        :param statement: The statement to be executed.  This is always
         an object that is in both the :class:`_expression.ClauseElement` and
         :class:`_expression.Executable` hierarchies, including:
    
         * :class:`_expression.Select`
         * :class:`_expression.Insert`, :class:`_expression.Update`,
           :class:`_expression.Delete`
         * :class:`_expression.TextClause` and
           :class:`_expression.TextualSelect`
         * :class:`_schema.DDL` and objects which inherit from
           :class:`_schema.ExecutableDDLElement`
    
        :param parameters: parameters which will be bound into the statement.
         This may be either a dictionary of parameter names to values,
         or a mutable sequence (e.g. a list) of dictionaries.  When a
         list of dictionaries is passed, the underlying statement execution
         will make use of the DBAPI ``cursor.executemany()`` method.
         When a single dictionary is passed, the DBAPI ``cursor.execute()``
         method will be used.
    
        :param execution_options: optional dictionary of execution options,
         which will be associated with the statement execution.  This
         dictionary can provide a subset of the options that are accepted
         by :meth:`_engine.Connection.execution_options`.
    
        :return: a :class:`_engine.Result` object.
    
        """
        distilled_parameters = _distill_params_20(parameters)
        try:
            meth = statement._execute_on_connection
        except AttributeError as err:
            raise exc.ObjectNotExecutableError(statement) from err
        else:
>           return meth(
                self,
                distilled_parameters,
                execution_options or NO_OPTIONS,
            )

../../.pyenv/versions/3.10.11/lib/python3.10/site-packages/sqlalchemy/engine/base.py:1419: 
_ _ _ _ _ _ _ _ _ _ _ _ _ _ _ _ _ _ _ _ _ _ _ _ _ _ _ _ _ _ _ _ _ _ _ _ _ _ _ _ 

self = <sqlalchemy.sql.dml.Insert object at 0x1176b22f0>
connection = <sqlalchemy.engine.base.Connection object at 0x1176b21d0>
distilled_params = [{'created_by_id': None, 'date_deleted': None, 'deleted_by_id': None, 'email': 'saas-admin-140c7be6@test.local', ...}]
execution_options = {'compiled_cache': <sqlalchemy.util._collections.LRUCache object at 0x112bf0e00>}

    def _execute_on_connection(
        self,
        connection: Connection,
        distilled_params: _CoreMultiExecuteParams,
        execution_options: CoreExecuteOptionsParameter,
    ) -> Result[Any]:
        if self.supports_execution:
            if TYPE_CHECKING:
                assert isinstance(self, Executable)
>           return connection._execute_clauseelement(
                self, distilled_params, execution_options
            )

../../.pyenv/versions/3.10.11/lib/python3.10/site-packages/sqlalchemy/sql/elements.py:527: 
_ _ _ _ _ _ _ _ _ _ _ _ _ _ _ _ _ _ _ _ _ _ _ _ _ _ _ _ _ _ _ _ _ _ _ _ _ _ _ _ 

self = <sqlalchemy.engine.base.Connection object at 0x1176b21d0>
elem = <sqlalchemy.sql.dml.Insert object at 0x1176b22f0>
distilled_parameters = [{'created_by_id': None, 'date_deleted': None, 'deleted_by_id': None, 'email': 'saas-admin-140c7be6@test.local', ...}]
execution_options = immutabledict({'compiled_cache': <sqlalchemy.util._collections.LRUCache object at 0x112bf0e00>})

    def _execute_clauseelement(
        self,
        elem: Executable,
        distilled_parameters: _CoreMultiExecuteParams,
        execution_options: CoreExecuteOptionsParameter,
    ) -> CursorResult[Any]:
        """Execute a sql.ClauseElement object."""
    
        execution_options = elem._execution_options.merge_with(
            self._execution_options, execution_options
        )
    
        has_events = self._has_events or self.engine._has_events
        if has_events:
            (
                elem,
                distilled_parameters,
                event_multiparams,
                event_params,
            ) = self._invoke_before_exec_event(
                elem, distilled_parameters, execution_options
            )
    
        if distilled_parameters:
            # ensure we don't retain a link to the view object for keys()
            # which links to the values, which we don't want to cache
            keys = sorted(distilled_parameters[0])
            for_executemany = len(distilled_parameters) > 1
        else:
            keys = []
            for_executemany = False
    
        dialect = self.dialect
    
        schema_translate_map = execution_options.get(
            "schema_translate_map", None
        )
    
        compiled_cache: Optional[CompiledCacheType] = execution_options.get(
            "compiled_cache", self.engine._compiled_cache
        )
    
        compiled_sql, extracted_params, cache_hit = elem._compile_w_cache(
            dialect=dialect,
            compiled_cache=compiled_cache,
            column_keys=keys,
            for_executemany=for_executemany,
            schema_translate_map=schema_translate_map,
            linting=self.dialect.compiler_linting | compiler.WARN_LINTING,
        )
>       ret = self._execute_context(
            dialect,
            dialect.execution_ctx_cls._init_compiled,
            compiled_sql,
            distilled_parameters,
            execution_options,
            compiled_sql,
            distilled_parameters,
            elem,
            extracted_params,
            cache_hit=cache_hit,
        )

../../.pyenv/versions/3.10.11/lib/python3.10/site-packages/sqlalchemy/engine/base.py:1641: 
_ _ _ _ _ _ _ _ _ _ _ _ _ _ _ _ _ _ _ _ _ _ _ _ _ _ _ _ _ _ _ _ _ _ _ _ _ _ _ _ 

self = <sqlalchemy.engine.base.Connection object at 0x1176b21d0>
dialect = <sqlalchemy.dialects.postgresql.psycopg2.PGDialect_psycopg2 object at 0x109e3a050>
constructor = <bound method DefaultExecutionContext._init_compiled of <class 'sqlalchemy.dialects.postgresql.psycopg2.PGExecutionContext_psycopg2'>>
statement = <sqlalchemy.dialects.postgresql.base.PGCompiler object at 0x10b6ec4f0>
parameters = [{'created_by_id': None, 'date_deleted': None, 'deleted_by_id': None, 'email': 'saas-admin-140c7be6@test.local', ...}]
execution_options = immutabledict({'compiled_cache': <sqlalchemy.util._collections.LRUCache object at 0x112bf0e00>})
args = (<sqlalchemy.dialects.postgresql.base.PGCompiler object at 0x10b6ec4f0>, [{'created_by_id': None, 'date_deleted': None..._by_id': None, 'email': 'saas-admin-140c7be6@test.local', ...}], <sqlalchemy.sql.dml.Insert object at 0x1176b22f0>, [])
kw = {'cache_hit': <CacheStats.CACHE_HIT: 0>}, yp = None
conn = <sqlalchemy.pool.base._ConnectionFairy object at 0x112eedcc0>
context = <sqlalchemy.dialects.postgresql.psycopg2.PGExecutionContext_psycopg2 object at 0x1176b2020>

    def _execute_context(
        self,
        dialect: Dialect,
        constructor: Callable[..., ExecutionContext],
        statement: Union[str, Compiled],
        parameters: Optional[_AnyMultiExecuteParams],
        execution_options: _ExecuteOptions,
        *args: Any,
        **kw: Any,
    ) -> CursorResult[Any]:
        """Create an :class:`.ExecutionContext` and execute, returning
        a :class:`_engine.CursorResult`."""
    
        if execution_options:
            yp = execution_options.get("yield_per", None)
            if yp:
                execution_options = execution_options.union(
                    {"stream_results": True, "max_row_buffer": yp}
                )
        try:
            conn = self._dbapi_connection
            if conn is None:
                conn = self._revalidate_connection()
    
            context = constructor(
                dialect, self, conn, execution_options, *args, **kw
            )
        except (exc.PendingRollbackError, exc.ResourceClosedError):
            raise
        except BaseException as e:
            self._handle_dbapi_exception(
                e, str(statement), parameters, None, None
            )
    
        if (
            self._transaction
            and not self._transaction.is_active
            or (
                self._nested_transaction
                and not self._nested_transaction.is_active
            )
        ):
            self._invalid_transaction()
    
        elif self._trans_context_manager:
            TransactionalContext._trans_ctx_check(self)
    
        if self._transaction is None:
            self._autobegin()
    
        context.pre_exec()
    
        if context.execute_style is ExecuteStyle.INSERTMANYVALUES:
            return self._exec_insertmany_context(dialect, context)
        else:
>           return self._exec_single_context(
                dialect, context, statement, parameters
            )

../../.pyenv/versions/3.10.11/lib/python3.10/site-packages/sqlalchemy/engine/base.py:1846: 
_ _ _ _ _ _ _ _ _ _ _ _ _ _ _ _ _ _ _ _ _ _ _ _ _ _ _ _ _ _ _ _ _ _ _ _ _ _ _ _ 

self = <sqlalchemy.engine.base.Connection object at 0x1176b21d0>
dialect = <sqlalchemy.dialects.postgresql.psycopg2.PGDialect_psycopg2 object at 0x109e3a050>
context = <sqlalchemy.dialects.postgresql.psycopg2.PGExecutionContext_psycopg2 object at 0x1176b2020>
statement = <sqlalchemy.dialects.postgresql.base.PGCompiler object at 0x10b6ec4f0>
parameters = [{'created_by_id': None, 'date_created': datetime.datetime(2026, 5, 3, 21, 26, 49, 306515, tzinfo=datetime.timezone.ut..._deleted': None, 'date_updated': datetime.datetime(2026, 5, 3, 21, 26, 49, 306561, tzinfo=datetime.timezone.utc), ...}]

    def _exec_single_context(
        self,
        dialect: Dialect,
        context: ExecutionContext,
        statement: Union[str, Compiled],
        parameters: Optional[_AnyMultiExecuteParams],
    ) -> CursorResult[Any]:
        """continue the _execute_context() method for a single DBAPI
        cursor.execute() or cursor.executemany() call.
    
        """
        if dialect.bind_typing is BindTyping.SETINPUTSIZES:
            generic_setinputsizes = context._prepare_set_input_sizes()
    
            if generic_setinputsizes:
                try:
                    dialect.do_set_input_sizes(
                        context.cursor, generic_setinputsizes, context
                    )
                except BaseException as e:
                    self._handle_dbapi_exception(
                        e, str(statement), parameters, None, context
                    )
    
        cursor, str_statement, parameters = (
            context.cursor,
            context.statement,
            context.parameters,
        )
    
        effective_parameters: Optional[_AnyExecuteParams]
    
        if not context.executemany:
            effective_parameters = parameters[0]
        else:
            effective_parameters = parameters
    
        if self._has_events or self.engine._has_events:
            for fn in self.dispatch.before_cursor_execute:
                str_statement, effective_parameters = fn(
                    self,
                    cursor,
                    str_statement,
                    effective_parameters,
                    context,
                    context.executemany,
                )
    
        if self._echo:
            self._log_info(str_statement)
    
            stats = context._get_cache_stats()
    
            if not self.engine.hide_parameters:
                self._log_info(
                    "[%s] %r",
                    stats,
                    sql_util._repr_params(
                        effective_parameters,
                        batches=10,
                        ismulti=context.executemany,
                    ),
                )
            else:
                self._log_info(
                    "[%s] [SQL parameters hidden due to hide_parameters=True]",
                    stats,
                )
    
        evt_handled: bool = False
        try:
            if context.execute_style is ExecuteStyle.EXECUTEMANY:
                effective_parameters = cast(
                    "_CoreMultiExecuteParams", effective_parameters
                )
                if self.dialect._has_events:
                    for fn in self.dialect.dispatch.do_executemany:
                        if fn(
                            cursor,
                            str_statement,
                            effective_parameters,
                            context,
                        ):
                            evt_handled = True
                            break
                if not evt_handled:
                    self.dialect.do_executemany(
                        cursor,
                        str_statement,
                        effective_parameters,
                        context,
                    )
            elif not effective_parameters and context.no_parameters:
                if self.dialect._has_events:
                    for fn in self.dialect.dispatch.do_execute_no_params:
                        if fn(cursor, str_statement, context):
                            evt_handled = True
                            break
                if not evt_handled:
                    self.dialect.do_execute_no_params(
                        cursor, str_statement, context
                    )
            else:
                effective_parameters = cast(
                    "_CoreSingleExecuteParams", effective_parameters
                )
                if self.dialect._has_events:
                    for fn in self.dialect.dispatch.do_execute:
                        if fn(
                            cursor,
                            str_statement,
                            effective_parameters,
                            context,
                        ):
                            evt_handled = True
                            break
                if not evt_handled:
                    self.dialect.do_execute(
                        cursor, str_statement, effective_parameters, context
                    )
    
            if self._has_events or self.engine._has_events:
                self.dispatch.after_cursor_execute(
                    self,
                    cursor,
                    str_statement,
                    effective_parameters,
                    context,
                    context.executemany,
                )
    
            context.post_exec()
    
            result = context._setup_result_proxy()
    
        except BaseException as e:
>           self._handle_dbapi_exception(
                e, str_statement, effective_parameters, cursor, context
            )

../../.pyenv/versions/3.10.11/lib/python3.10/site-packages/sqlalchemy/engine/base.py:1986: 
_ _ _ _ _ _ _ _ _ _ _ _ _ _ _ _ _ _ _ _ _ _ _ _ _ _ _ _ _ _ _ _ _ _ _ _ _ _ _ _ 

self = <sqlalchemy.engine.base.Connection object at 0x1176b21d0>
e = UndefinedTable('relation "saas_admin" does not exist\nLINE 1: INSERT INTO saas_admin (first_name, last_name, email, phone_...\n                    ^\n')
statement = 'INSERT INTO saas_admin (first_name, last_name, email, phone_number, password_hash, status, is_superuser, platform_rol..., %(date_updated)s, %(date_deleted)s, %(created_by_id)s, %(updated_by_id)s, %(deleted_by_id)s) RETURNING saas_admin.id'
parameters = {'created_by_id': None, 'date_created': datetime.datetime(2026, 5, 3, 21, 26, 49, 306515, tzinfo=datetime.timezone.utc...e_deleted': None, 'date_updated': datetime.datetime(2026, 5, 3, 21, 26, 49, 306561, tzinfo=datetime.timezone.utc), ...}
cursor = <cursor object at 0x112f87f10; closed: -1>
context = <sqlalchemy.dialects.postgresql.psycopg2.PGExecutionContext_psycopg2 object at 0x1176b2020>
is_sub_exec = False

    def _handle_dbapi_exception(
        self,
        e: BaseException,
        statement: Optional[str],
        parameters: Optional[_AnyExecuteParams],
        cursor: Optional[DBAPICursor],
        context: Optional[ExecutionContext],
        is_sub_exec: bool = False,
    ) -> NoReturn:
        exc_info = sys.exc_info()
    
        is_exit_exception = util.is_exit_exception(e)
    
        if not self._is_disconnect:
            self._is_disconnect = (
                isinstance(e, self.dialect.loaded_dbapi.Error)
                and not self.closed
                and self.dialect.is_disconnect(
                    e,
                    self._dbapi_connection if not self.invalidated else None,
                    cursor,
                )
            ) or (is_exit_exception and not self.closed)
    
        invalidate_pool_on_disconnect = not is_exit_exception
    
        ismulti: bool = (
            not is_sub_exec and context.executemany
            if context is not None
            else False
        )
        if self._reentrant_error:
            raise exc.DBAPIError.instance(
                statement,
                parameters,
                e,
                self.dialect.loaded_dbapi.Error,
                hide_parameters=self.engine.hide_parameters,
                dialect=self.dialect,
                ismulti=ismulti,
            ).with_traceback(exc_info[2]) from e
        self._reentrant_error = True
        try:
            # non-DBAPI error - if we already got a context,
            # or there's no string statement, don't wrap it
            should_wrap = isinstance(e, self.dialect.loaded_dbapi.Error) or (
                statement is not None
                and context is None
                and not is_exit_exception
            )
    
            if should_wrap:
                sqlalchemy_exception = exc.DBAPIError.instance(
                    statement,
                    parameters,
                    cast(Exception, e),
                    self.dialect.loaded_dbapi.Error,
                    hide_parameters=self.engine.hide_parameters,
                    connection_invalidated=self._is_disconnect,
                    dialect=self.dialect,
                    ismulti=ismulti,
                )
            else:
                sqlalchemy_exception = None
    
            newraise = None
    
            if (self.dialect._has_events) and not self._execution_options.get(
                "skip_user_error_events", False
            ):
                ctx = ExceptionContextImpl(
                    e,
                    sqlalchemy_exception,
                    self.engine,
                    self.dialect,
                    self,
                    cursor,
                    statement,
                    parameters,
                    context,
                    self._is_disconnect,
                    invalidate_pool_on_disconnect,
                    False,
                )
    
                for fn in self.dialect.dispatch.handle_error:
                    try:
                        # handler returns an exception;
                        # call next handler in a chain
                        per_fn = fn(ctx)
                        if per_fn is not None:
                            ctx.chained_exception = newraise = per_fn
                    except Exception as _raised:
                        # handler raises an exception - stop processing
                        newraise = _raised
                        break
    
                if self._is_disconnect != ctx.is_disconnect:
                    self._is_disconnect = ctx.is_disconnect
                    if sqlalchemy_exception:
                        sqlalchemy_exception.connection_invalidated = (
                            ctx.is_disconnect
                        )
    
                # set up potentially user-defined value for
                # invalidate pool.
                invalidate_pool_on_disconnect = (
                    ctx.invalidate_pool_on_disconnect
                )
    
            if should_wrap and context:
                context.handle_dbapi_exception(e)
    
            if not self._is_disconnect:
                if cursor:
                    self._safe_close_cursor(cursor)
                # "autorollback" was mostly relevant in 1.x series.
                # It's very unlikely to reach here, as the connection
                # does autobegin so when we are here, we are usually
                # in an explicit / semi-explicit transaction.
                # however we have a test which manufactures this
                # scenario in any case using an event handler.
                # test/engine/test_execute.py-> test_actual_autorollback
                if not self.in_transaction():
                    self._rollback_impl()
    
            if newraise:
                raise newraise.with_traceback(exc_info[2]) from e
            elif should_wrap:
                assert sqlalchemy_exception is not None
>               raise sqlalchemy_exception.with_traceback(exc_info[2]) from e

../../.pyenv/versions/3.10.11/lib/python3.10/site-packages/sqlalchemy/engine/base.py:2363: 
_ _ _ _ _ _ _ _ _ _ _ _ _ _ _ _ _ _ _ _ _ _ _ _ _ _ _ _ _ _ _ _ _ _ _ _ _ _ _ _ 

self = <sqlalchemy.engine.base.Connection object at 0x1176b21d0>
dialect = <sqlalchemy.dialects.postgresql.psycopg2.PGDialect_psycopg2 object at 0x109e3a050>
context = <sqlalchemy.dialects.postgresql.psycopg2.PGExecutionContext_psycopg2 object at 0x1176b2020>
statement = <sqlalchemy.dialects.postgresql.base.PGCompiler object at 0x10b6ec4f0>
parameters = [{'created_by_id': None, 'date_created': datetime.datetime(2026, 5, 3, 21, 26, 49, 306515, tzinfo=datetime.timezone.ut..._deleted': None, 'date_updated': datetime.datetime(2026, 5, 3, 21, 26, 49, 306561, tzinfo=datetime.timezone.utc), ...}]

    def _exec_single_context(
        self,
        dialect: Dialect,
        context: ExecutionContext,
        statement: Union[str, Compiled],
        parameters: Optional[_AnyMultiExecuteParams],
    ) -> CursorResult[Any]:
        """continue the _execute_context() method for a single DBAPI
        cursor.execute() or cursor.executemany() call.
    
        """
        if dialect.bind_typing is BindTyping.SETINPUTSIZES:
            generic_setinputsizes = context._prepare_set_input_sizes()
    
            if generic_setinputsizes:
                try:
                    dialect.do_set_input_sizes(
                        context.cursor, generic_setinputsizes, context
                    )
                except BaseException as e:
                    self._handle_dbapi_exception(
                        e, str(statement), parameters, None, context
                    )
    
        cursor, str_statement, parameters = (
            context.cursor,
            context.statement,
            context.parameters,
        )
    
        effective_parameters: Optional[_AnyExecuteParams]
    
        if not context.executemany:
            effective_parameters = parameters[0]
        else:
            effective_parameters = parameters
    
        if self._has_events or self.engine._has_events:
            for fn in self.dispatch.before_cursor_execute:
                str_statement, effective_parameters = fn(
                    self,
                    cursor,
                    str_statement,
                    effective_parameters,
                    context,
                    context.executemany,
                )
    
        if self._echo:
            self._log_info(str_statement)
    
            stats = context._get_cache_stats()
    
            if not self.engine.hide_parameters:
                self._log_info(
                    "[%s] %r",
                    stats,
                    sql_util._repr_params(
                        effective_parameters,
                        batches=10,
                        ismulti=context.executemany,
                    ),
                )
            else:
                self._log_info(
                    "[%s] [SQL parameters hidden due to hide_parameters=True]",
                    stats,
                )
    
        evt_handled: bool = False
        try:
            if context.execute_style is ExecuteStyle.EXECUTEMANY:
                effective_parameters = cast(
                    "_CoreMultiExecuteParams", effective_parameters
                )
                if self.dialect._has_events:
                    for fn in self.dialect.dispatch.do_executemany:
                        if fn(
                            cursor,
                            str_statement,
                            effective_parameters,
                            context,
                        ):
                            evt_handled = True
                            break
                if not evt_handled:
                    self.dialect.do_executemany(
                        cursor,
                        str_statement,
                        effective_parameters,
                        context,
                    )
            elif not effective_parameters and context.no_parameters:
                if self.dialect._has_events:
                    for fn in self.dialect.dispatch.do_execute_no_params:
                        if fn(cursor, str_statement, context):
                            evt_handled = True
                            break
                if not evt_handled:
                    self.dialect.do_execute_no_params(
                        cursor, str_statement, context
                    )
            else:
                effective_parameters = cast(
                    "_CoreSingleExecuteParams", effective_parameters
                )
                if self.dialect._has_events:
                    for fn in self.dialect.dispatch.do_execute:
                        if fn(
                            cursor,
                            str_statement,
                            effective_parameters,
                            context,
                        ):
                            evt_handled = True
                            break
                if not evt_handled:
>                   self.dialect.do_execute(
                        cursor, str_statement, effective_parameters, context
                    )

../../.pyenv/versions/3.10.11/lib/python3.10/site-packages/sqlalchemy/engine/base.py:1967: 
_ _ _ _ _ _ _ _ _ _ _ _ _ _ _ _ _ _ _ _ _ _ _ _ _ _ _ _ _ _ _ _ _ _ _ _ _ _ _ _ 

self = <sqlalchemy.dialects.postgresql.psycopg2.PGDialect_psycopg2 object at 0x109e3a050>
cursor = <cursor object at 0x112f87f10; closed: -1>
statement = 'INSERT INTO saas_admin (first_name, last_name, email, phone_number, password_hash, status, is_superuser, platform_rol..., %(date_updated)s, %(date_deleted)s, %(created_by_id)s, %(updated_by_id)s, %(deleted_by_id)s) RETURNING saas_admin.id'
parameters = {'created_by_id': None, 'date_created': datetime.datetime(2026, 5, 3, 21, 26, 49, 306515, tzinfo=datetime.timezone.utc...e_deleted': None, 'date_updated': datetime.datetime(2026, 5, 3, 21, 26, 49, 306561, tzinfo=datetime.timezone.utc), ...}
context = <sqlalchemy.dialects.postgresql.psycopg2.PGExecutionContext_psycopg2 object at 0x1176b2020>

    def do_execute(self, cursor, statement, parameters, context=None):
>       cursor.execute(statement, parameters)
E       sqlalchemy.exc.ProgrammingError: (psycopg2.errors.UndefinedTable) relation "saas_admin" does not exist
E       LINE 1: INSERT INTO saas_admin (first_name, last_name, email, phone_...
E                           ^
E       
E       [SQL: INSERT INTO saas_admin (first_name, last_name, email, phone_number, password_hash, status, is_superuser, platform_role, failed_login_attempts, locked_until, last_login_at, is_active, is_deleted, date_created, date_updated, date_deleted, created_by_id, updated_by_id, deleted_by_id) VALUES (%(first_name)s, %(last_name)s, %(email)s, %(phone_number)s, %(password_hash)s, %(status)s, %(is_superuser)s, %(platform_role)s, %(failed_login_attempts)s, %(locked_until)s, %(last_login_at)s, %(is_active)s, %(is_deleted)s, %(date_created)s, %(date_updated)s, %(date_deleted)s, %(created_by_id)s, %(updated_by_id)s, %(deleted_by_id)s) RETURNING saas_admin.id]
E       [parameters: {'first_name': 'SaaS', 'last_name': 'Administrator', 'email': 'saas-admin-140c7be6@test.local', 'phone_number': None, 'password_hash': '$2b$12$yrbBnkGNDXVx7ERbL3wuku81QZkxylrSSLaHwTz6bz/neX8KWjwLK', 'status': 'ACTIVE', 'is_superuser': True, 'platform_role': 'SUPER_ADMIN', 'failed_login_attempts': 0, 'locked_until': None, 'last_login_at': None, 'is_active': True, 'is_deleted': False, 'date_created': datetime.datetime(2026, 5, 3, 21, 26, 49, 306515, tzinfo=datetime.timezone.utc), 'date_updated': datetime.datetime(2026, 5, 3, 21, 26, 49, 306561, tzinfo=datetime.timezone.utc), 'date_deleted': None, 'created_by_id': None, 'updated_by_id': None, 'deleted_by_id': None}]
E       (Background on this error at: https://sqlalche.me/e/20/f405)

../../.pyenv/versions/3.10.11/lib/python3.10/site-packages/sqlalchemy/engine/default.py:952: ProgrammingError
=================================== FAILURES ===================================
____________________ TestTenantRoutes.test_register_tenant _____________________

self = <app.tests.integration.test_tenant_routes.TestTenantRoutes object at 0x108276cb0>
saas_client = <starlette.testclient.TestClient object at 0x112a5e0b0>

    def test_register_tenant(self, saas_client):
        code = _unique("clinic")
        payload = {
            "tenant_name": _unique("New Clinic"),
            "tenant_code": code,
            "domain_url": f"{code}.carepointhms.local",
            "plan_code": "BASIC_MONTHLY",
            "admin_email": f"admin@{code}.local",
            "admin_username": f"admin-{code}",
            "admin_password": "ClinicPass123",
            "admin_first_name": "Clinic",
            "admin_last_name": "Admin"
        }
        response = saas_client.post("/api/v1/tenants/register", json=payload)
>       assert response.status_code == 201
E       assert 422 == 201
E        +  where 422 = <Response [422 Unprocessable Entity]>.status_code

app/tests/integration/test_tenant_routes.py:38: AssertionError
------------------------------ Captured log setup ------------------------------
WARNING  carepoint_hms:config.py:356 DATABASE_ENCRYPTION_KEY is using its built-in default value. Set DATABASE_ENCRYPTION_KEY to a strong, deployment-specific secret before going live (encrypted credentials cannot be rotated without a re-encryption pass).
=============================== warnings summary ===============================
app/tests/integration/test_tenant_routes.py::TestTenantRoutes::test_register_tenant
  /Users/nelsonattah/.pyenv/versions/3.10.11/lib/python3.10/site-packages/pydantic/main.py:250: RuntimeWarning: SECRET_KEY must be at least 32 characters long. Generate one with `openssl rand -hex 32`.
    validated_self = self.__pydantic_validator__.validate_python(data, self_instance=self)

app/tests/integration/test_tenant_routes.py::TestTenantRoutes::test_register_tenant
  /Users/nelsonattah/Projects/carepoint_hms/app/schemas/tenant_setting_schemas.py:88: PydanticDeprecatedSince20: Support for class-based `config` is deprecated, use ConfigDict instead. Deprecated in Pydantic V2.0 to be removed in V3.0. See Pydantic V2 Migration Guide at https://errors.pydantic.dev/2.12/migration/
    class TenantSettingReadSchema(BaseModel):

app/tests/integration/test_tenant_routes.py::TestTenantRoutes::test_register_tenant
  /Users/nelsonattah/Projects/carepoint_hms/app/api/v1/endpoints/tenant_domain_routes.py:26: PydanticDeprecatedSince20: Support for class-based `config` is deprecated, use ConfigDict instead. Deprecated in Pydantic V2.0 to be removed in V3.0. See Pydantic V2 Migration Guide at https://errors.pydantic.dev/2.12/migration/
    class DomainReadSchema(BaseModel):

app/tests/integration/test_tenant_routes.py::TestTenantRoutes::test_register_tenant
  /Users/nelsonattah/Projects/carepoint_hms/app/api/v1/endpoints/tenant_job_routes.py:43: PydanticDeprecatedSince20: Support for class-based `config` is deprecated, use ConfigDict instead. Deprecated in Pydantic V2.0 to be removed in V3.0. See Pydantic V2 Migration Guide at https://errors.pydantic.dev/2.12/migration/
    class JobReadSchema(BaseModel):

app/tests/integration/test_tenant_routes.py::TestTenantRoutes::test_register_tenant
  /Users/nelsonattah/Projects/carepoint_hms/app/api/v1/endpoints/support_access_routes.py:54: PydanticDeprecatedSince20: Support for class-based `config` is deprecated, use ConfigDict instead. Deprecated in Pydantic V2.0 to be removed in V3.0. See Pydantic V2 Migration Guide at https://errors.pydantic.dev/2.12/migration/
    class GrantReadSchema(BaseModel):

app/tests/integration/test_tenant_routes.py::TestTenantRoutes::test_register_tenant
  /Users/nelsonattah/Projects/carepoint_hms/app/api/v1/endpoints/invitation_routes.py:45: PydanticDeprecatedSince20: Support for class-based `config` is deprecated, use ConfigDict instead. Deprecated in Pydantic V2.0 to be removed in V3.0. See Pydantic V2 Migration Guide at https://errors.pydantic.dev/2.12/migration/
    class InvitationReadSchema(BaseModel):

app/tests/integration/test_tenant_routes.py::TestTenantRoutes::test_register_tenant
  /Users/nelsonattah/Projects/carepoint_hms/app/api/v1/endpoints/user_profile_routes.py:40: PydanticDeprecatedSince20: Support for class-based `config` is deprecated, use ConfigDict instead. Deprecated in Pydantic V2.0 to be removed in V3.0. See Pydantic V2 Migration Guide at https://errors.pydantic.dev/2.12/migration/
    class MyProfileReadSchema(BaseModel):

app/tests/integration/test_tenant_routes.py::TestTenantRoutes::test_register_tenant
  /Users/nelsonattah/Projects/carepoint_hms/app/api/v1/endpoints/subscription_billing_routes.py:59: PydanticDeprecatedSince20: Support for class-based `config` is deprecated, use ConfigDict instead. Deprecated in Pydantic V2.0 to be removed in V3.0. See Pydantic V2 Migration Guide at https://errors.pydantic.dev/2.12/migration/
    class InvoiceReadSchema(BaseModel):

app/tests/integration/test_tenant_routes.py::TestTenantRoutes::test_register_tenant
  /Users/nelsonattah/Projects/carepoint_hms/app/api/v1/endpoints/subscription_billing_routes.py:105: PydanticDeprecatedSince20: Support for class-based `config` is deprecated, use ConfigDict instead. Deprecated in Pydantic V2.0 to be removed in V3.0. See Pydantic V2 Migration Guide at https://errors.pydantic.dev/2.12/migration/
    class PaymentReadSchema(BaseModel):

app/tests/integration/test_tenant_routes.py::TestTenantRoutes::test_register_tenant
  /Users/nelsonattah/Projects/carepoint_hms/app/api/v1/endpoints/tenant_payment_method_routes.py:88: PydanticDeprecatedSince20: Support for class-based `config` is deprecated, use ConfigDict instead. Deprecated in Pydantic V2.0 to be removed in V3.0. See Pydantic V2 Migration Guide at https://errors.pydantic.dev/2.12/migration/
    class PaymentMethodReadSchema(BaseModel):

app/tests/integration/test_tenant_routes.py::TestTenantRoutes::test_register_tenant
  /Users/nelsonattah/Projects/carepoint_hms/app/api/v1/endpoints/patient_payment_routes.py:61: PydanticDeprecatedSince20: Support for class-based `config` is deprecated, use ConfigDict instead. Deprecated in Pydantic V2.0 to be removed in V3.0. See Pydantic V2 Migration Guide at https://errors.pydantic.dev/2.12/migration/
    class PaymentReadSchema(BaseModel):

app/tests/integration/test_tenant_routes.py::TestTenantRoutes::test_register_tenant
  /Users/nelsonattah/Projects/carepoint_hms/app/api/v1/endpoints/patient_payment_routes.py:77: PydanticDeprecatedSince20: Support for class-based `config` is deprecated, use ConfigDict instead. Deprecated in Pydantic V2.0 to be removed in V3.0. See Pydantic V2 Migration Guide at https://errors.pydantic.dev/2.12/migration/
    class InvoiceSummarySchema(BaseModel):

app/tests/integration/test_tenant_routes.py::TestTenantRoutes::test_register_tenant
  /Users/nelsonattah/Projects/carepoint_hms/app/api/v1/endpoints/tenant_email_routes.py:87: PydanticDeprecatedSince20: Support for class-based `config` is deprecated, use ConfigDict instead. Deprecated in Pydantic V2.0 to be removed in V3.0. See Pydantic V2 Migration Guide at https://errors.pydantic.dev/2.12/migration/
    class EmailConfigReadSchema(BaseModel):

app/tests/integration/test_tenant_routes.py::TestTenantRoutes::test_register_tenant
  /Users/nelsonattah/Projects/carepoint_hms/app/api/v1/endpoints/edge_node_routes.py:60: PydanticDeprecatedSince20: Support for class-based `config` is deprecated, use ConfigDict instead. Deprecated in Pydantic V2.0 to be removed in V3.0. See Pydantic V2 Migration Guide at https://errors.pydantic.dev/2.12/migration/
    class EdgeNodeReadSchema(BaseModel):

app/tests/integration/test_tenant_routes.py::TestTenantRoutes::test_register_tenant
  /Users/nelsonattah/Projects/carepoint_hms/app/api/v1/endpoints/medication_adherence_routes.py:55: PydanticDeprecatedSince20: Support for class-based `config` is deprecated, use ConfigDict instead. Deprecated in Pydantic V2.0 to be removed in V3.0. See Pydantic V2 Migration Guide at https://errors.pydantic.dev/2.12/migration/
    class ProfileReadSchema(BaseModel):

app/tests/integration/test_tenant_routes.py::TestTenantRoutes::test_register_tenant
  /Users/nelsonattah/Projects/carepoint_hms/app/api/v1/endpoints/medication_adherence_routes.py:93: PydanticDeprecatedSince20: Support for class-based `config` is deprecated, use ConfigDict instead. Deprecated in Pydantic V2.0 to be removed in V3.0. See Pydantic V2 Migration Guide at https://errors.pydantic.dev/2.12/migration/
    class ScheduleReadSchema(BaseModel):

app/tests/integration/test_tenant_routes.py::TestTenantRoutes::test_register_tenant
  /Users/nelsonattah/Projects/carepoint_hms/app/api/v1/endpoints/medication_adherence_routes.py:113: PydanticDeprecatedSince20: Support for class-based `config` is deprecated, use ConfigDict instead. Deprecated in Pydantic V2.0 to be removed in V3.0. See Pydantic V2 Migration Guide at https://errors.pydantic.dev/2.12/migration/
    class DoseReadSchema(BaseModel):

app/tests/integration/test_tenant_routes.py::TestTenantRoutes::test_register_tenant
  /Users/nelsonattah/Projects/carepoint_hms/app/api/v1/endpoints/medication_adherence_routes.py:154: PydanticDeprecatedSince20: Support for class-based `config` is deprecated, use ConfigDict instead. Deprecated in Pydantic V2.0 to be removed in V3.0. See Pydantic V2 Migration Guide at https://errors.pydantic.dev/2.12/migration/
    class AdherenceSnapshotReadSchema(BaseModel):

app/tests/integration/test_tenant_routes.py::TestTenantRoutes::test_register_tenant
  /Users/nelsonattah/Projects/carepoint_hms/app/api/v1/endpoints/medication_adherence_routes.py:172: PydanticDeprecatedSince20: Support for class-based `config` is deprecated, use ConfigDict instead. Deprecated in Pydantic V2.0 to be removed in V3.0. See Pydantic V2 Migration Guide at https://errors.pydantic.dev/2.12/migration/
    class AlertReadSchema(BaseModel):

app/tests/integration/test_tenant_routes.py::TestTenantRoutes::test_register_tenant
  /Users/nelsonattah/Projects/carepoint_hms/app/api/v1/endpoints/medication_adherence_routes.py:197: PydanticDeprecatedSince20: Support for class-based `config` is deprecated, use ConfigDict instead. Deprecated in Pydantic V2.0 to be removed in V3.0. See Pydantic V2 Migration Guide at https://errors.pydantic.dev/2.12/migration/
    class FollowUpReadSchema(BaseModel):

app/tests/integration/test_tenant_routes.py::TestTenantRoutes::test_register_tenant
  /Users/nelsonattah/Projects/carepoint_hms/app/api/v1/endpoints/doctor_calendar_routes.py:51: PydanticDeprecatedSince20: Support for class-based `config` is deprecated, use ConfigDict instead. Deprecated in Pydantic V2.0 to be removed in V3.0. See Pydantic V2 Migration Guide at https://errors.pydantic.dev/2.12/migration/
    class TemplateReadSchema(BaseModel):

app/tests/integration/test_tenant_routes.py::TestTenantRoutes::test_register_tenant
  /Users/nelsonattah/Projects/carepoint_hms/app/api/v1/endpoints/doctor_calendar_routes.py:79: PydanticDeprecatedSince20: Support for class-based `config` is deprecated, use ConfigDict instead. Deprecated in Pydantic V2.0 to be removed in V3.0. See Pydantic V2 Migration Guide at https://errors.pydantic.dev/2.12/migration/
    class TimeOffReadSchema(BaseModel):

app/tests/integration/test_tenant_routes.py::TestTenantRoutes::test_register_tenant
  /Users/nelsonattah/Projects/carepoint_hms/app/api/v1/endpoints/doctor_calendar_routes.py:98: PydanticDeprecatedSince20: Support for class-based `config` is deprecated, use ConfigDict instead. Deprecated in Pydantic V2.0 to be removed in V3.0. See Pydantic V2 Migration Guide at https://errors.pydantic.dev/2.12/migration/
    class SlotReadSchema(BaseModel):

app/tests/integration/test_tenant_routes.py::TestTenantRoutes::test_register_tenant
  /Users/nelsonattah/Projects/carepoint_hms/app/api/v1/endpoints/appointment_extension_routes.py:49: PydanticDeprecatedSince20: Support for class-based `config` is deprecated, use ConfigDict instead. Deprecated in Pydantic V2.0 to be removed in V3.0. See Pydantic V2 Migration Guide at https://errors.pydantic.dev/2.12/migration/
    class ReminderJobReadSchema(BaseModel):

app/tests/integration/test_tenant_routes.py::TestTenantRoutes::test_register_tenant
  /Users/nelsonattah/Projects/carepoint_hms/app/api/v1/endpoints/appointment_extension_routes.py:71: PydanticDeprecatedSince20: Support for class-based `config` is deprecated, use ConfigDict instead. Deprecated in Pydantic V2.0 to be removed in V3.0. See Pydantic V2 Migration Guide at https://errors.pydantic.dev/2.12/migration/
    class CancellationLogReadSchema(BaseModel):

app/tests/integration/test_tenant_routes.py::TestTenantRoutes::test_register_tenant
  /Users/nelsonattah/Projects/carepoint_hms/app/api/v1/endpoints/appointment_extension_routes.py:94: PydanticDeprecatedSince20: Support for class-based `config` is deprecated, use ConfigDict instead. Deprecated in Pydantic V2.0 to be removed in V3.0. See Pydantic V2 Migration Guide at https://errors.pydantic.dev/2.12/migration/
    class RecurrenceReadSchema(BaseModel):

app/tests/integration/test_tenant_routes.py::TestTenantRoutes::test_register_tenant
  /Users/nelsonattah/Projects/carepoint_hms/app/api/v1/endpoints/tax_routes.py:70: PydanticDeprecatedSince20: Support for class-based `config` is deprecated, use ConfigDict instead. Deprecated in Pydantic V2.0 to be removed in V3.0. See Pydantic V2 Migration Guide at https://errors.pydantic.dev/2.12/migration/
    class TaxTypeReadSchema(BaseModel):

app/tests/integration/test_tenant_routes.py::TestTenantRoutes::test_register_tenant
  /Users/nelsonattah/Projects/carepoint_hms/app/api/v1/endpoints/tax_routes.py:92: PydanticDeprecatedSince20: Support for class-based `config` is deprecated, use ConfigDict instead. Deprecated in Pydantic V2.0 to be removed in V3.0. See Pydantic V2 Migration Guide at https://errors.pydantic.dev/2.12/migration/
    class TaxRateReadSchema(BaseModel):

app/tests/integration/test_tenant_routes.py::TestTenantRoutes::test_register_tenant
  /Users/nelsonattah/Projects/carepoint_hms/app/api/v1/endpoints/tax_routes.py:116: PydanticDeprecatedSince20: Support for class-based `config` is deprecated, use ConfigDict instead. Deprecated in Pydantic V2.0 to be removed in V3.0. See Pydantic V2 Migration Guide at https://errors.pydantic.dev/2.12/migration/
    class TaxRuleReadSchema(BaseModel):

app/tests/integration/test_tenant_routes.py::TestTenantRoutes::test_register_tenant
  /Users/nelsonattah/Projects/carepoint_hms/app/api/v1/endpoints/tax_routes.py:142: PydanticDeprecatedSince20: Support for class-based `config` is deprecated, use ConfigDict instead. Deprecated in Pydantic V2.0 to be removed in V3.0. See Pydantic V2 Migration Guide at https://errors.pydantic.dev/2.12/migration/
    class TaxExemptionReadSchema(BaseModel):

app/tests/integration/test_tenant_routes.py::TestTenantRoutes::test_register_tenant
  /Users/nelsonattah/Projects/carepoint_hms/app/api/v1/endpoints/tax_routes.py:157: PydanticDeprecatedSince20: Support for class-based `config` is deprecated, use ConfigDict instead. Deprecated in Pydantic V2.0 to be removed in V3.0. See Pydantic V2 Migration Guide at https://errors.pydantic.dev/2.12/migration/
    class InvoiceTaxLineReadSchema(BaseModel):

app/tests/integration/test_tenant_routes.py::TestTenantRoutes::test_register_tenant
  /Users/nelsonattah/Projects/carepoint_hms/app/api/v1/endpoints/tax_routes.py:187: PydanticDeprecatedSince20: Support for class-based `config` is deprecated, use ConfigDict instead. Deprecated in Pydantic V2.0 to be removed in V3.0. See Pydantic V2 Migration Guide at https://errors.pydantic.dev/2.12/migration/
    class WHTRecordReadSchema(BaseModel):

app/tests/integration/test_tenant_routes.py::TestTenantRoutes::test_register_tenant
  /Users/nelsonattah/Projects/carepoint_hms/app/api/v1/endpoints/tax_routes.py:214: PydanticDeprecatedSince20: Support for class-based `config` is deprecated, use ConfigDict instead. Deprecated in Pydantic V2.0 to be removed in V3.0. See Pydantic V2 Migration Guide at https://errors.pydantic.dev/2.12/migration/
    class TaxAuditLogReadSchema(BaseModel):

app/tests/integration/test_tenant_routes.py::TestTenantRoutes::test_register_tenant
  /Users/nelsonattah/Projects/carepoint_hms/app/schemas/database_backup_schemas.py:12: PydanticDeprecatedSince20: Support for class-based `config` is deprecated, use ConfigDict instead. Deprecated in Pydantic V2.0 to be removed in V3.0. See Pydantic V2 Migration Guide at https://errors.pydantic.dev/2.12/migration/
    class DatabaseBackupReadSchema(BaseModel):

app/tests/integration/test_tenant_routes.py::TestTenantRoutes::test_register_tenant
  /Users/nelsonattah/Projects/carepoint_hms/app/schemas/saas_usage_schemas.py:5: PydanticDeprecatedSince20: Support for class-based `config` is deprecated, use ConfigDict instead. Deprecated in Pydantic V2.0 to be removed in V3.0. See Pydantic V2 Migration Guide at https://errors.pydantic.dev/2.12/migration/
    class TenantUsageReadSchema(BaseModel):

app/tests/integration/test_tenant_routes.py::TestTenantRoutes::test_register_tenant
  /Users/nelsonattah/Projects/carepoint_hms/app/schemas/saas_admin_schemas.py:37: PydanticDeprecatedSince20: Support for class-based `config` is deprecated, use ConfigDict instead. Deprecated in Pydantic V2.0 to be removed in V3.0. See Pydantic V2 Migration Guide at https://errors.pydantic.dev/2.12/migration/
    class SaaSAdminReadSchema(BaseModel):

app/tests/integration/test_tenant_routes.py::TestTenantRoutes::test_register_tenant
  /Users/nelsonattah/Projects/carepoint_hms/app/schemas/integration_schemas.py:9: PydanticDeprecatedSince20: Support for class-based `config` is deprecated, use ConfigDict instead. Deprecated in Pydantic V2.0 to be removed in V3.0. See Pydantic V2 Migration Guide at https://errors.pydantic.dev/2.12/migration/
    class IntegrationCredentialRead(IntegrationCredentialBase):

app/tests/integration/test_tenant_routes.py::TestTenantRoutes::test_register_tenant
  /Users/nelsonattah/Projects/carepoint_hms/app/schemas/integration_schemas.py:34: PydanticDeprecatedSince20: Support for class-based `config` is deprecated, use ConfigDict instead. Deprecated in Pydantic V2.0 to be removed in V3.0. See Pydantic V2 Migration Guide at https://errors.pydantic.dev/2.12/migration/
    class IntegrationEndpointRead(IntegrationEndpointBase):

app/tests/integration/test_tenant_routes.py::TestTenantRoutes::test_register_tenant
  /Users/nelsonattah/Projects/carepoint_hms/app/schemas/template_schemas.py:15: PydanticDeprecatedSince20: Support for class-based `config` is deprecated, use ConfigDict instead. Deprecated in Pydantic V2.0 to be removed in V3.0. See Pydantic V2 Migration Guide at https://errors.pydantic.dev/2.12/migration/
    class NotificationTemplateRead(NotificationTemplateBase):

app/tests/integration/test_tenant_routes.py::TestTenantRoutes::test_register_tenant
  /Users/nelsonattah/Projects/carepoint_hms/app/schemas/template_schemas.py:30: PydanticDeprecatedSince20: Support for class-based `config` is deprecated, use ConfigDict instead. Deprecated in Pydantic V2.0 to be removed in V3.0. See Pydantic V2 Migration Guide at https://errors.pydantic.dev/2.12/migration/
    class DocumentTemplateRead(DocumentTemplateBase):

app/tests/integration/test_tenant_routes.py::TestTenantRoutes::test_register_tenant
  /Users/nelsonattah/Projects/carepoint_hms/app/schemas/facility_schemas.py:35: PydanticDeprecatedSince20: Support for class-based `config` is deprecated, use ConfigDict instead. Deprecated in Pydantic V2.0 to be removed in V3.0. See Pydantic V2 Migration Guide at https://errors.pydantic.dev/2.12/migration/
    class FacilityRead(FacilityBase):

app/tests/integration/test_tenant_routes.py::TestTenantRoutes::test_register_tenant
  /Users/nelsonattah/Projects/carepoint_hms/app/api/v1/endpoints/push_device_routes.py:31: PydanticDeprecatedSince20: Support for class-based `config` is deprecated, use ConfigDict instead. Deprecated in Pydantic V2.0 to be removed in V3.0. See Pydantic V2 Migration Guide at https://errors.pydantic.dev/2.12/migration/
    class PushDeviceReadSchema(BaseModel):

-- Docs: https://docs.pytest.org/en/stable/how-to/capture-warnings.html
=========================== short test summary info ============================
FAILED app/tests/integration/test_tenant_routes.py::TestTenantRoutes::test_register_tenant - assert 422 == 201
 +  where 422 = <Response [422 Unprocessable Entity]>.status_code
ERROR app/tests/integration/test_tenant_routes.py::TestTenantRoutes::test_list_tenants - sqlalchemy.exc.ProgrammingError: (psycopg2.errors.UndefinedTable) relation "saas_admin" does not exist
LINE 1: INSERT INTO saas_admin (first_name, last_name, email, phone_...
                    ^

[SQL: INSERT INTO saas_admin (first_name, last_name, email, phone_number, password_hash, status, is_superuser, platform_role, failed_login_attempts, locked_until, last_login_at, is_active, is_deleted, date_created, date_updated, date_deleted, created_by_id, updated_by_id, deleted_by_id) VALUES (%(first_name)s, %(last_name)s, %(email)s, %(phone_number)s, %(password_hash)s, %(status)s, %(is_superuser)s, %(platform_role)s, %(failed_login_attempts)s, %(locked_until)s, %(last_login_at)s, %(is_active)s, %(is_deleted)s, %(date_created)s, %(date_updated)s, %(date_deleted)s, %(created_by_id)s, %(updated_by_id)s, %(deleted_by_id)s) RETURNING saas_admin.id]
[parameters: {'first_name': 'SaaS', 'last_name': 'Administrator', 'email': 'saas-admin-9cb9d76d@test.local', 'phone_number': None, 'password_hash': '$2b$12$idnb3wz9IB8uszUKRUVS/.TsA5MF0Te10VhuLi.K3LCUt7fon1eIC', 'status': 'ACTIVE', 'is_superuser': True, 'platform_role': 'SUPER_ADMIN', 'failed_login_attempts': 0, 'locked_until': None, 'last_login_at': None, 'is_active': True, 'is_deleted': False, 'date_created': datetime.datetime(2026, 5, 3, 21, 26, 48, 825708, tzinfo=datetime.timezone.utc), 'date_updated': datetime.datetime(2026, 5, 3, 21, 26, 48, 825712, tzinfo=datetime.timezone.utc), 'date_deleted': None, 'created_by_id': None, 'updated_by_id': None, 'deleted_by_id': None}]
(Background on this error at: https://sqlalche.me/e/20/f405)
ERROR app/tests/integration/test_tenant_routes.py::TestTenantRoutes::test_get_tenant - sqlalchemy.exc.ProgrammingError: (psycopg2.errors.UndefinedTable) relation "saas_admin" does not exist
LINE 1: INSERT INTO saas_admin (first_name, last_name, email, phone_...
                    ^

[SQL: INSERT INTO saas_admin (first_name, last_name, email, phone_number, password_hash, status, is_superuser, platform_role, failed_login_attempts, locked_until, last_login_at, is_active, is_deleted, date_created, date_updated, date_deleted, created_by_id, updated_by_id, deleted_by_id) VALUES (%(first_name)s, %(last_name)s, %(email)s, %(phone_number)s, %(password_hash)s, %(status)s, %(is_superuser)s, %(platform_role)s, %(failed_login_attempts)s, %(locked_until)s, %(last_login_at)s, %(is_active)s, %(is_deleted)s, %(date_created)s, %(date_updated)s, %(date_deleted)s, %(created_by_id)s, %(updated_by_id)s, %(deleted_by_id)s) RETURNING saas_admin.id]
[parameters: {'first_name': 'SaaS', 'last_name': 'Administrator', 'email': 'saas-admin-140c7be6@test.local', 'phone_number': None, 'password_hash': '$2b$12$yrbBnkGNDXVx7ERbL3wuku81QZkxylrSSLaHwTz6bz/neX8KWjwLK', 'status': 'ACTIVE', 'is_superuser': True, 'platform_role': 'SUPER_ADMIN', 'failed_login_attempts': 0, 'locked_until': None, 'last_login_at': None, 'is_active': True, 'is_deleted': False, 'date_created': datetime.datetime(2026, 5, 3, 21, 26, 49, 306515, tzinfo=datetime.timezone.utc), 'date_updated': datetime.datetime(2026, 5, 3, 21, 26, 49, 306561, tzinfo=datetime.timezone.utc), 'date_deleted': None, 'created_by_id': None, 'updated_by_id': None, 'deleted_by_id': None}]
(Background on this error at: https://sqlalche.me/e/20/f405)
============== 1 failed, 1 passed, 42 warnings, 2 errors in 5.58s ==============
